<?xml version="1.0" encoding="ISO-8859-1" ?>
<link_info>
   <banner>MSP430 Linker PC v21.6.1.LTS</banner>
   <copyright>Copyright (c) 2003-2018 Texas Instruments Incorporated</copyright>
   <link_time>0x660d9a2b</link_time>
   <link_errors>0x0</link_errors>
   <output_file>Lab9.out</output_file>
   <entry_point>
      <name>_c_int00_noargs_mpu</name>
      <address>0x4400</address>
   </entry_point>
   <input_file_list>
      <input_file id="fl-2">
         <path>.\</path>
         <kind>object</kind>
         <file>logo.obj</file>
         <name>logo.obj</name>
      </input_file>
      <input_file id="fl-3">
         <path>.\</path>
         <kind>object</kind>
         <file>main.obj</file>
         <name>main.obj</name>
      </input_file>
      <input_file id="fl-4">
         <path>.\GrLib\fonts\</path>
         <kind>object</kind>
         <file>fontClean5x8.obj</file>
         <name>fontClean5x8.obj</name>
      </input_file>
      <input_file id="fl-5">
         <path>.\GrLib\fonts\</path>
         <kind>object</kind>
         <file>fontClean7x10.obj</file>
         <name>fontClean7x10.obj</name>
      </input_file>
      <input_file id="fl-6">
         <path>.\GrLib\fonts\</path>
         <kind>object</kind>
         <file>fontCourier7x13.obj</file>
         <name>fontCourier7x13.obj</name>
      </input_file>
      <input_file id="fl-7">
         <path>.\GrLib\fonts\</path>
         <kind>object</kind>
         <file>fontCourier7x13b.obj</file>
         <name>fontCourier7x13b.obj</name>
      </input_file>
      <input_file id="fl-8">
         <path>.\GrLib\fonts\</path>
         <kind>object</kind>
         <file>fontFixed7x13.obj</file>
         <name>fontFixed7x13.obj</name>
      </input_file>
      <input_file id="fl-9">
         <path>.\GrLib\fonts\</path>
         <kind>object</kind>
         <file>fontLucidabright6x12.obj</file>
         <name>fontLucidabright6x12.obj</name>
      </input_file>
      <input_file id="fl-a">
         <path>.\GrLib\fonts\</path>
         <kind>object</kind>
         <file>fontLucidasans6x11.obj</file>
         <name>fontLucidasans6x11.obj</name>
      </input_file>
      <input_file id="fl-b">
         <path>.\GrLib\fonts\</path>
         <kind>object</kind>
         <file>fontLucidasans8x15.obj</file>
         <name>fontLucidasans8x15.obj</name>
      </input_file>
      <input_file id="fl-c">
         <path>.\GrLib\fonts\</path>
         <kind>object</kind>
         <file>fontcm12.obj</file>
         <name>fontcm12.obj</name>
      </input_file>
      <input_file id="fl-d">
         <path>.\GrLib\fonts\</path>
         <kind>object</kind>
         <file>fontcm12b.obj</file>
         <name>fontcm12b.obj</name>
      </input_file>
      <input_file id="fl-e">
         <path>.\GrLib\fonts\</path>
         <kind>object</kind>
         <file>fontcm16.obj</file>
         <name>fontcm16.obj</name>
      </input_file>
      <input_file id="fl-f">
         <path>.\GrLib\fonts\</path>
         <kind>object</kind>
         <file>fontcmss12.obj</file>
         <name>fontcmss12.obj</name>
      </input_file>
      <input_file id="fl-10">
         <path>.\GrLib\fonts\</path>
         <kind>object</kind>
         <file>fontcmtt12.obj</file>
         <name>fontcmtt12.obj</name>
      </input_file>
      <input_file id="fl-11">
         <path>.\GrLib\fonts\</path>
         <kind>object</kind>
         <file>fontfixed6x8.obj</file>
         <name>fontfixed6x8.obj</name>
      </input_file>
      <input_file id="fl-12">
         <path>.\GrLib\grlib\</path>
         <kind>object</kind>
         <file>button.obj</file>
         <name>button.obj</name>
      </input_file>
      <input_file id="fl-13">
         <path>.\GrLib\grlib\</path>
         <kind>object</kind>
         <file>checkbox.obj</file>
         <name>checkbox.obj</name>
      </input_file>
      <input_file id="fl-14">
         <path>.\GrLib\grlib\</path>
         <kind>object</kind>
         <file>circle.obj</file>
         <name>circle.obj</name>
      </input_file>
      <input_file id="fl-15">
         <path>.\GrLib\grlib\</path>
         <kind>object</kind>
         <file>context.obj</file>
         <name>context.obj</name>
      </input_file>
      <input_file id="fl-16">
         <path>.\GrLib\grlib\</path>
         <kind>object</kind>
         <file>display.obj</file>
         <name>display.obj</name>
      </input_file>
      <input_file id="fl-17">
         <path>.\GrLib\grlib\</path>
         <kind>object</kind>
         <file>image.obj</file>
         <name>image.obj</name>
      </input_file>
      <input_file id="fl-18">
         <path>.\GrLib\grlib\</path>
         <kind>object</kind>
         <file>imageButton.obj</file>
         <name>imageButton.obj</name>
      </input_file>
      <input_file id="fl-19">
         <path>.\GrLib\grlib\</path>
         <kind>object</kind>
         <file>line.obj</file>
         <name>line.obj</name>
      </input_file>
      <input_file id="fl-1a">
         <path>.\GrLib\grlib\</path>
         <kind>object</kind>
         <file>radioButton.obj</file>
         <name>radioButton.obj</name>
      </input_file>
      <input_file id="fl-1b">
         <path>.\GrLib\grlib\</path>
         <kind>object</kind>
         <file>rectangle.obj</file>
         <name>rectangle.obj</name>
      </input_file>
      <input_file id="fl-1c">
         <path>.\GrLib\grlib\</path>
         <kind>object</kind>
         <file>string.obj</file>
         <name>string.obj</name>
      </input_file>
      <input_file id="fl-1d">
         <path>.\LcdDriver\</path>
         <kind>object</kind>
         <file>lcd_driver.obj</file>
         <name>lcd_driver.obj</name>
      </input_file>
      <input_file id="fl-1e">
         <path>.\LcdDriver\</path>
         <kind>object</kind>
         <file>lower_driver.obj</file>
         <name>lower_driver.obj</name>
      </input_file>
      <input_file id="fl-25">
         <kind>object</kind>
         <file>&lt;internal&gt;</file>
         <name>&lt;internal&gt;</name>
      </input_file>
      <input_file id="fl-45">
         <path>C:\ti\ccs1260\ccs\tools\compiler\ti-cgt-msp430_21.6.1.LTS\lib\</path>
         <kind>archive</kind>
         <file>rts430x_lc_rd_eabi.lib</file>
         <name>copy_decompress_lzss.c.obj</name>
      </input_file>
      <input_file id="fl-46">
         <path>C:\ti\ccs1260\ccs\tools\compiler\ti-cgt-msp430_21.6.1.LTS\lib\</path>
         <kind>archive</kind>
         <file>rts430x_lc_rd_eabi.lib</file>
         <name>copy_decompress_none.c.obj</name>
      </input_file>
      <input_file id="fl-47">
         <path>C:\ti\ccs1260\ccs\tools\compiler\ti-cgt-msp430_21.6.1.LTS\lib\</path>
         <kind>archive</kind>
         <file>rts430x_lc_rd_eabi.lib</file>
         <name>int27.asm.obj</name>
      </input_file>
      <input_file id="fl-48">
         <path>C:\ti\ccs1260\ccs\tools\compiler\ti-cgt-msp430_21.6.1.LTS\lib\</path>
         <kind>archive</kind>
         <file>rts430x_lc_rd_eabi.lib</file>
         <name>isr_trap.asm.obj</name>
      </input_file>
      <input_file id="fl-49">
         <path>C:\ti\ccs1260\ccs\tools\compiler\ti-cgt-msp430_21.6.1.LTS\lib\</path>
         <kind>archive</kind>
         <file>rts430x_lc_rd_eabi.lib</file>
         <name>int28.asm.obj</name>
      </input_file>
      <input_file id="fl-4a">
         <path>C:\ti\ccs1260\ccs\tools\compiler\ti-cgt-msp430_21.6.1.LTS\lib\</path>
         <kind>archive</kind>
         <file>rts430x_lc_rd_eabi.lib</file>
         <name>int29.asm.obj</name>
      </input_file>
      <input_file id="fl-4b">
         <path>C:\ti\ccs1260\ccs\tools\compiler\ti-cgt-msp430_21.6.1.LTS\lib\</path>
         <kind>archive</kind>
         <file>rts430x_lc_rd_eabi.lib</file>
         <name>int30.asm.obj</name>
      </input_file>
      <input_file id="fl-4c">
         <path>C:\ti\ccs1260\ccs\tools\compiler\ti-cgt-msp430_21.6.1.LTS\lib\</path>
         <kind>archive</kind>
         <file>rts430x_lc_rd_eabi.lib</file>
         <name>int31.asm.obj</name>
      </input_file>
      <input_file id="fl-4d">
         <path>C:\ti\ccs1260\ccs\tools\compiler\ti-cgt-msp430_21.6.1.LTS\lib\</path>
         <kind>archive</kind>
         <file>rts430x_lc_rd_eabi.lib</file>
         <name>int32.asm.obj</name>
      </input_file>
      <input_file id="fl-4e">
         <path>C:\ti\ccs1260\ccs\tools\compiler\ti-cgt-msp430_21.6.1.LTS\lib\</path>
         <kind>archive</kind>
         <file>rts430x_lc_rd_eabi.lib</file>
         <name>int33.asm.obj</name>
      </input_file>
      <input_file id="fl-4f">
         <path>C:\ti\ccs1260\ccs\tools\compiler\ti-cgt-msp430_21.6.1.LTS\lib\</path>
         <kind>archive</kind>
         <file>rts430x_lc_rd_eabi.lib</file>
         <name>int34.asm.obj</name>
      </input_file>
      <input_file id="fl-50">
         <path>C:\ti\ccs1260\ccs\tools\compiler\ti-cgt-msp430_21.6.1.LTS\lib\</path>
         <kind>archive</kind>
         <file>rts430x_lc_rd_eabi.lib</file>
         <name>int35.asm.obj</name>
      </input_file>
      <input_file id="fl-51">
         <path>C:\ti\ccs1260\ccs\tools\compiler\ti-cgt-msp430_21.6.1.LTS\lib\</path>
         <kind>archive</kind>
         <file>rts430x_lc_rd_eabi.lib</file>
         <name>int36.asm.obj</name>
      </input_file>
      <input_file id="fl-52">
         <path>C:\ti\ccs1260\ccs\tools\compiler\ti-cgt-msp430_21.6.1.LTS\lib\</path>
         <kind>archive</kind>
         <file>rts430x_lc_rd_eabi.lib</file>
         <name>int37.asm.obj</name>
      </input_file>
      <input_file id="fl-53">
         <path>C:\ti\ccs1260\ccs\tools\compiler\ti-cgt-msp430_21.6.1.LTS\lib\</path>
         <kind>archive</kind>
         <file>rts430x_lc_rd_eabi.lib</file>
         <name>int38.asm.obj</name>
      </input_file>
      <input_file id="fl-54">
         <path>C:\ti\ccs1260\ccs\tools\compiler\ti-cgt-msp430_21.6.1.LTS\lib\</path>
         <kind>archive</kind>
         <file>rts430x_lc_rd_eabi.lib</file>
         <name>int39.asm.obj</name>
      </input_file>
      <input_file id="fl-55">
         <path>C:\ti\ccs1260\ccs\tools\compiler\ti-cgt-msp430_21.6.1.LTS\lib\</path>
         <kind>archive</kind>
         <file>rts430x_lc_rd_eabi.lib</file>
         <name>int40.asm.obj</name>
      </input_file>
      <input_file id="fl-56">
         <path>C:\ti\ccs1260\ccs\tools\compiler\ti-cgt-msp430_21.6.1.LTS\lib\</path>
         <kind>archive</kind>
         <file>rts430x_lc_rd_eabi.lib</file>
         <name>int41.asm.obj</name>
      </input_file>
      <input_file id="fl-57">
         <path>C:\ti\ccs1260\ccs\tools\compiler\ti-cgt-msp430_21.6.1.LTS\lib\</path>
         <kind>archive</kind>
         <file>rts430x_lc_rd_eabi.lib</file>
         <name>int42.asm.obj</name>
      </input_file>
      <input_file id="fl-58">
         <path>C:\ti\ccs1260\ccs\tools\compiler\ti-cgt-msp430_21.6.1.LTS\lib\</path>
         <kind>archive</kind>
         <file>rts430x_lc_rd_eabi.lib</file>
         <name>int43.asm.obj</name>
      </input_file>
      <input_file id="fl-59">
         <path>C:\ti\ccs1260\ccs\tools\compiler\ti-cgt-msp430_21.6.1.LTS\lib\</path>
         <kind>archive</kind>
         <file>rts430x_lc_rd_eabi.lib</file>
         <name>int44.asm.obj</name>
      </input_file>
      <input_file id="fl-5a">
         <path>C:\ti\ccs1260\ccs\tools\compiler\ti-cgt-msp430_21.6.1.LTS\lib\</path>
         <kind>archive</kind>
         <file>rts430x_lc_rd_eabi.lib</file>
         <name>int45.asm.obj</name>
      </input_file>
      <input_file id="fl-5b">
         <path>C:\ti\ccs1260\ccs\tools\compiler\ti-cgt-msp430_21.6.1.LTS\lib\</path>
         <kind>archive</kind>
         <file>rts430x_lc_rd_eabi.lib</file>
         <name>int46.asm.obj</name>
      </input_file>
      <input_file id="fl-5c">
         <path>C:\ti\ccs1260\ccs\tools\compiler\ti-cgt-msp430_21.6.1.LTS\lib\</path>
         <kind>archive</kind>
         <file>rts430x_lc_rd_eabi.lib</file>
         <name>int47.asm.obj</name>
      </input_file>
      <input_file id="fl-5d">
         <path>C:\ti\ccs1260\ccs\tools\compiler\ti-cgt-msp430_21.6.1.LTS\lib\</path>
         <kind>archive</kind>
         <file>rts430x_lc_rd_eabi.lib</file>
         <name>int48.asm.obj</name>
      </input_file>
      <input_file id="fl-5e">
         <path>C:\ti\ccs1260\ccs\tools\compiler\ti-cgt-msp430_21.6.1.LTS\lib\</path>
         <kind>archive</kind>
         <file>rts430x_lc_rd_eabi.lib</file>
         <name>int49.asm.obj</name>
      </input_file>
      <input_file id="fl-5f">
         <path>C:\ti\ccs1260\ccs\tools\compiler\ti-cgt-msp430_21.6.1.LTS\lib\</path>
         <kind>archive</kind>
         <file>rts430x_lc_rd_eabi.lib</file>
         <name>int50.asm.obj</name>
      </input_file>
      <input_file id="fl-60">
         <path>C:\ti\ccs1260\ccs\tools\compiler\ti-cgt-msp430_21.6.1.LTS\lib\</path>
         <kind>archive</kind>
         <file>rts430x_lc_rd_eabi.lib</file>
         <name>int51.asm.obj</name>
      </input_file>
      <input_file id="fl-61">
         <path>C:\ti\ccs1260\ccs\tools\compiler\ti-cgt-msp430_21.6.1.LTS\lib\</path>
         <kind>archive</kind>
         <file>rts430x_lc_rd_eabi.lib</file>
         <name>int52.asm.obj</name>
      </input_file>
      <input_file id="fl-62">
         <path>C:\ti\ccs1260\ccs\tools\compiler\ti-cgt-msp430_21.6.1.LTS\lib\</path>
         <kind>archive</kind>
         <file>rts430x_lc_rd_eabi.lib</file>
         <name>int53.asm.obj</name>
      </input_file>
      <input_file id="fl-63">
         <path>C:\ti\ccs1260\ccs\tools\compiler\ti-cgt-msp430_21.6.1.LTS\lib\</path>
         <kind>archive</kind>
         <file>rts430x_lc_rd_eabi.lib</file>
         <name>int54.asm.obj</name>
      </input_file>
      <input_file id="fl-64">
         <path>C:\ti\ccs1260\ccs\tools\compiler\ti-cgt-msp430_21.6.1.LTS\lib\</path>
         <kind>archive</kind>
         <file>rts430x_lc_rd_eabi.lib</file>
         <name>copy_zero_init.c.obj</name>
      </input_file>
      <input_file id="fl-65">
         <path>C:\ti\ccs1260\ccs\tools\compiler\ti-cgt-msp430_21.6.1.LTS\lib\</path>
         <kind>archive</kind>
         <file>rts430x_lc_rd_eabi.lib</file>
         <name>addd.c.obj</name>
      </input_file>
      <input_file id="fl-66">
         <path>C:\ti\ccs1260\ccs\tools\compiler\ti-cgt-msp430_21.6.1.LTS\lib\</path>
         <kind>archive</kind>
         <file>rts430x_lc_rd_eabi.lib</file>
         <name>fs_add.asm.obj</name>
      </input_file>
      <input_file id="fl-67">
         <path>C:\ti\ccs1260\ccs\tools\compiler\ti-cgt-msp430_21.6.1.LTS\lib\</path>
         <kind>archive</kind>
         <file>rts430x_lc_rd_eabi.lib</file>
         <name>cmpd.c.obj</name>
      </input_file>
      <input_file id="fl-68">
         <path>C:\ti\ccs1260\ccs\tools\compiler\ti-cgt-msp430_21.6.1.LTS\lib\</path>
         <kind>archive</kind>
         <file>rts430x_lc_rd_eabi.lib</file>
         <name>fs_cmp.asm.obj</name>
      </input_file>
      <input_file id="fl-69">
         <path>C:\ti\ccs1260\ccs\tools\compiler\ti-cgt-msp430_21.6.1.LTS\lib\</path>
         <kind>archive</kind>
         <file>rts430x_lc_rd_eabi.lib</file>
         <name>cvtdf.c.obj</name>
      </input_file>
      <input_file id="fl-6a">
         <path>C:\ti\ccs1260\ccs\tools\compiler\ti-cgt-msp430_21.6.1.LTS\lib\</path>
         <kind>archive</kind>
         <file>rts430x_lc_rd_eabi.lib</file>
         <name>cvtfd.c.obj</name>
      </input_file>
      <input_file id="fl-6b">
         <path>C:\ti\ccs1260\ccs\tools\compiler\ti-cgt-msp430_21.6.1.LTS\lib\</path>
         <kind>archive</kind>
         <file>rts430x_lc_rd_eabi.lib</file>
         <name>divd.c.obj</name>
      </input_file>
      <input_file id="fl-6c">
         <path>C:\ti\ccs1260\ccs\tools\compiler\ti-cgt-msp430_21.6.1.LTS\lib\</path>
         <kind>archive</kind>
         <file>rts430x_lc_rd_eabi.lib</file>
         <name>frcdivd.c.obj</name>
      </input_file>
      <input_file id="fl-6d">
         <path>C:\ti\ccs1260\ccs\tools\compiler\ti-cgt-msp430_21.6.1.LTS\lib\</path>
         <kind>archive</kind>
         <file>rts430x_lc_rd_eabi.lib</file>
         <name>fs_div.asm.obj</name>
      </input_file>
      <input_file id="fl-6e">
         <path>C:\ti\ccs1260\ccs\tools\compiler\ti-cgt-msp430_21.6.1.LTS\lib\</path>
         <kind>archive</kind>
         <file>rts430x_lc_rd_eabi.lib</file>
         <name>div16s.asm.obj</name>
      </input_file>
      <input_file id="fl-6f">
         <path>C:\ti\ccs1260\ccs\tools\compiler\ti-cgt-msp430_21.6.1.LTS\lib\</path>
         <kind>archive</kind>
         <file>rts430x_lc_rd_eabi.lib</file>
         <name>div32s.asm.obj</name>
      </input_file>
      <input_file id="fl-70">
         <path>C:\ti\ccs1260\ccs\tools\compiler\ti-cgt-msp430_21.6.1.LTS\lib\</path>
         <kind>archive</kind>
         <file>rts430x_lc_rd_eabi.lib</file>
         <name>div16u.asm.obj</name>
      </input_file>
      <input_file id="fl-71">
         <path>C:\ti\ccs1260\ccs\tools\compiler\ti-cgt-msp430_21.6.1.LTS\lib\</path>
         <kind>archive</kind>
         <file>rts430x_lc_rd_eabi.lib</file>
         <name>div32u.asm.obj</name>
      </input_file>
      <input_file id="fl-72">
         <path>C:\ti\ccs1260\ccs\tools\compiler\ti-cgt-msp430_21.6.1.LTS\lib\</path>
         <kind>archive</kind>
         <file>rts430x_lc_rd_eabi.lib</file>
         <name>fs_toi.asm.obj</name>
      </input_file>
      <input_file id="fl-73">
         <path>C:\ti\ccs1260\ccs\tools\compiler\ti-cgt-msp430_21.6.1.LTS\lib\</path>
         <kind>archive</kind>
         <file>rts430x_lc_rd_eabi.lib</file>
         <name>fs_tou.asm.obj</name>
      </input_file>
      <input_file id="fl-74">
         <path>C:\ti\ccs1260\ccs\tools\compiler\ti-cgt-msp430_21.6.1.LTS\lib\</path>
         <kind>archive</kind>
         <file>rts430x_lc_rd_eabi.lib</file>
         <name>fs_utof.asm.obj</name>
      </input_file>
      <input_file id="fl-75">
         <path>C:\ti\ccs1260\ccs\tools\compiler\ti-cgt-msp430_21.6.1.LTS\lib\</path>
         <kind>archive</kind>
         <file>rts430x_lc_rd_eabi.lib</file>
         <name>mpyd.c.obj</name>
      </input_file>
      <input_file id="fl-76">
         <path>C:\ti\ccs1260\ccs\tools\compiler\ti-cgt-msp430_21.6.1.LTS\lib\</path>
         <kind>archive</kind>
         <file>rts430x_lc_rd_eabi.lib</file>
         <name>frcmpyd.c.obj</name>
      </input_file>
      <input_file id="fl-77">
         <path>C:\ti\ccs1260\ccs\tools\compiler\ti-cgt-msp430_21.6.1.LTS\lib\</path>
         <kind>archive</kind>
         <file>rts430x_lc_rd_eabi.lib</file>
         <name>fs_mpy.asm.obj</name>
      </input_file>
      <input_file id="fl-78">
         <path>C:\ti\ccs1260\ccs\tools\compiler\ti-cgt-msp430_21.6.1.LTS\lib\</path>
         <kind>archive</kind>
         <file>rts430x_lc_rd_eabi.lib</file>
         <name>mult16.asm.obj</name>
      </input_file>
      <input_file id="fl-79">
         <path>C:\ti\ccs1260\ccs\tools\compiler\ti-cgt-msp430_21.6.1.LTS\lib\</path>
         <kind>archive</kind>
         <file>rts430x_lc_rd_eabi.lib</file>
         <name>mult16_f5hw.asm.obj</name>
      </input_file>
      <input_file id="fl-7a">
         <path>C:\ti\ccs1260\ccs\tools\compiler\ti-cgt-msp430_21.6.1.LTS\lib\</path>
         <kind>archive</kind>
         <file>rts430x_lc_rd_eabi.lib</file>
         <name>mult32.asm.obj</name>
      </input_file>
      <input_file id="fl-7b">
         <path>C:\ti\ccs1260\ccs\tools\compiler\ti-cgt-msp430_21.6.1.LTS\lib\</path>
         <kind>archive</kind>
         <file>rts430x_lc_rd_eabi.lib</file>
         <name>mult32_f5hw.asm.obj</name>
      </input_file>
      <input_file id="fl-7c">
         <path>C:\ti\ccs1260\ccs\tools\compiler\ti-cgt-msp430_21.6.1.LTS\lib\</path>
         <kind>archive</kind>
         <file>rts430x_lc_rd_eabi.lib</file>
         <name>mult64.asm.obj</name>
      </input_file>
      <input_file id="fl-7d">
         <path>C:\ti\ccs1260\ccs\tools\compiler\ti-cgt-msp430_21.6.1.LTS\lib\</path>
         <kind>archive</kind>
         <file>rts430x_lc_rd_eabi.lib</file>
         <name>mult64_f5hw.asm.obj</name>
      </input_file>
      <input_file id="fl-7e">
         <path>C:\ti\ccs1260\ccs\tools\compiler\ti-cgt-msp430_21.6.1.LTS\lib\</path>
         <kind>archive</kind>
         <file>rts430x_lc_rd_eabi.lib</file>
         <name>mult1632_f5hw.asm.obj</name>
      </input_file>
      <input_file id="fl-7f">
         <path>C:\ti\ccs1260\ccs\tools\compiler\ti-cgt-msp430_21.6.1.LTS\lib\</path>
         <kind>archive</kind>
         <file>rts430x_lc_rd_eabi.lib</file>
         <name>mult3264_f5hw.asm.obj</name>
      </input_file>
      <input_file id="fl-80">
         <path>C:\ti\ccs1260\ccs\tools\compiler\ti-cgt-msp430_21.6.1.LTS\lib\</path>
         <kind>archive</kind>
         <file>rts430x_lc_rd_eabi.lib</file>
         <name>mult1632.asm.obj</name>
      </input_file>
      <input_file id="fl-81">
         <path>C:\ti\ccs1260\ccs\tools\compiler\ti-cgt-msp430_21.6.1.LTS\lib\</path>
         <kind>archive</kind>
         <file>rts430x_lc_rd_eabi.lib</file>
         <name>mult3264.asm.obj</name>
      </input_file>
      <input_file id="fl-82">
         <path>C:\ti\ccs1260\ccs\tools\compiler\ti-cgt-msp430_21.6.1.LTS\lib\</path>
         <kind>archive</kind>
         <file>rts430x_lc_rd_eabi.lib</file>
         <name>fs_neg.asm.obj</name>
      </input_file>
      <input_file id="fl-83">
         <path>C:\ti\ccs1260\ccs\tools\compiler\ti-cgt-msp430_21.6.1.LTS\lib\</path>
         <kind>archive</kind>
         <file>rts430x_lc_rd_eabi.lib</file>
         <name>lsl16.asm.obj</name>
      </input_file>
      <input_file id="fl-84">
         <path>C:\ti\ccs1260\ccs\tools\compiler\ti-cgt-msp430_21.6.1.LTS\lib\</path>
         <kind>archive</kind>
         <file>rts430x_lc_rd_eabi.lib</file>
         <name>lsl32.asm.obj</name>
      </input_file>
      <input_file id="fl-85">
         <path>C:\ti\ccs1260\ccs\tools\compiler\ti-cgt-msp430_21.6.1.LTS\lib\</path>
         <kind>archive</kind>
         <file>rts430x_lc_rd_eabi.lib</file>
         <name>lsl64.c.obj</name>
      </input_file>
      <input_file id="fl-86">
         <path>C:\ti\ccs1260\ccs\tools\compiler\ti-cgt-msp430_21.6.1.LTS\lib\</path>
         <kind>archive</kind>
         <file>rts430x_lc_rd_eabi.lib</file>
         <name>asr32.asm.obj</name>
      </input_file>
      <input_file id="fl-87">
         <path>C:\ti\ccs1260\ccs\tools\compiler\ti-cgt-msp430_21.6.1.LTS\lib\</path>
         <kind>archive</kind>
         <file>rts430x_lc_rd_eabi.lib</file>
         <name>asr64.c.obj</name>
      </input_file>
      <input_file id="fl-88">
         <path>C:\ti\ccs1260\ccs\tools\compiler\ti-cgt-msp430_21.6.1.LTS\lib\</path>
         <kind>archive</kind>
         <file>rts430x_lc_rd_eabi.lib</file>
         <name>lsr16.asm.obj</name>
      </input_file>
      <input_file id="fl-89">
         <path>C:\ti\ccs1260\ccs\tools\compiler\ti-cgt-msp430_21.6.1.LTS\lib\</path>
         <kind>archive</kind>
         <file>rts430x_lc_rd_eabi.lib</file>
         <name>lsr32.asm.obj</name>
      </input_file>
      <input_file id="fl-8a">
         <path>C:\ti\ccs1260\ccs\tools\compiler\ti-cgt-msp430_21.6.1.LTS\lib\</path>
         <kind>archive</kind>
         <file>rts430x_lc_rd_eabi.lib</file>
         <name>lsr64.c.obj</name>
      </input_file>
      <input_file id="fl-8b">
         <path>C:\ti\ccs1260\ccs\tools\compiler\ti-cgt-msp430_21.6.1.LTS\lib\</path>
         <kind>archive</kind>
         <file>rts430x_lc_rd_eabi.lib</file>
         <name>subd.c.obj</name>
      </input_file>
      <input_file id="fl-8c">
         <path>C:\ti\ccs1260\ccs\tools\compiler\ti-cgt-msp430_21.6.1.LTS\lib\</path>
         <kind>archive</kind>
         <file>rts430x_lc_rd_eabi.lib</file>
         <name>boot.c.obj</name>
      </input_file>
      <input_file id="fl-8d">
         <path>C:\ti\ccs1260\ccs\ccs_base\msp430\lib\FR59xx\</path>
         <kind>archive</kind>
         <file>MSPMPU_INIT_LIB_CCS_msp430_large_code_restricted_data.lib</file>
         <name>mpu_init.o</name>
      </input_file>
      <input_file id="fl-8e">
         <path>C:\ti\ccs1260\ccs\tools\compiler\ti-cgt-msp430_21.6.1.LTS\lib\</path>
         <kind>archive</kind>
         <file>rts430x_lc_rd_eabi.lib</file>
         <name>args_main.c.obj</name>
      </input_file>
      <input_file id="fl-8f">
         <path>C:\ti\ccs1260\ccs\tools\compiler\ti-cgt-msp430_21.6.1.LTS\lib\</path>
         <kind>archive</kind>
         <file>rts430x_lc_rd_eabi.lib</file>
         <name>autoinit.c.obj</name>
      </input_file>
      <input_file id="fl-90">
         <path>C:\ti\ccs1260\ccs\tools\compiler\ti-cgt-msp430_21.6.1.LTS\lib\</path>
         <kind>archive</kind>
         <file>rts430x_lc_rd_eabi.lib</file>
         <name>startup.c.obj</name>
      </input_file>
      <input_file id="fl-91">
         <path>C:\ti\ccs1260\ccs\tools\compiler\ti-cgt-msp430_21.6.1.LTS\lib\</path>
         <kind>archive</kind>
         <file>rts430x_lc_rd_eabi.lib</file>
         <name>pre_init.c.obj</name>
      </input_file>
      <input_file id="fl-92">
         <path>C:\ti\ccs1260\ccs\tools\compiler\ti-cgt-msp430_21.6.1.LTS\lib\</path>
         <kind>archive</kind>
         <file>rts430x_lc_rd_eabi.lib</file>
         <name>e_atan2.c.obj</name>
      </input_file>
      <input_file id="fl-93">
         <path>C:\ti\ccs1260\ccs\tools\compiler\ti-cgt-msp430_21.6.1.LTS\lib\</path>
         <kind>archive</kind>
         <file>rts430x_lc_rd_eabi.lib</file>
         <name>negd.c.obj</name>
      </input_file>
      <input_file id="fl-94">
         <path>C:\ti\ccs1260\ccs\tools\compiler\ti-cgt-msp430_21.6.1.LTS\lib\</path>
         <kind>archive</kind>
         <file>rts430x_lc_rd_eabi.lib</file>
         <name>s_atan.c.obj</name>
      </input_file>
      <input_file id="fl-95">
         <path>C:\ti\ccs1260\ccs\tools\compiler\ti-cgt-msp430_21.6.1.LTS\lib\</path>
         <kind>archive</kind>
         <file>rts430x_lc_rd_eabi.lib</file>
         <name>cpy_tbl.c.obj</name>
      </input_file>
      <input_file id="fl-96">
         <path>C:\ti\ccs1260\ccs\tools\compiler\ti-cgt-msp430_21.6.1.LTS\lib\</path>
         <kind>archive</kind>
         <file>rts430x_lc_rd_eabi.lib</file>
         <name>s_cos.c.obj</name>
      </input_file>
      <input_file id="fl-97">
         <path>C:\ti\ccs1260\ccs\tools\compiler\ti-cgt-msp430_21.6.1.LTS\lib\</path>
         <kind>archive</kind>
         <file>rts430x_lc_rd_eabi.lib</file>
         <name>k_cos.c.obj</name>
      </input_file>
      <input_file id="fl-98">
         <path>C:\ti\ccs1260\ccs\tools\compiler\ti-cgt-msp430_21.6.1.LTS\lib\</path>
         <kind>archive</kind>
         <file>rts430x_lc_rd_eabi.lib</file>
         <name>k_rem_pio2.c.obj</name>
      </input_file>
      <input_file id="fl-99">
         <path>C:\ti\ccs1260\ccs\tools\compiler\ti-cgt-msp430_21.6.1.LTS\lib\</path>
         <kind>archive</kind>
         <file>rts430x_lc_rd_eabi.lib</file>
         <name>k_sin.c.obj</name>
      </input_file>
      <input_file id="fl-9a">
         <path>C:\ti\ccs1260\ccs\tools\compiler\ti-cgt-msp430_21.6.1.LTS\lib\</path>
         <kind>archive</kind>
         <file>rts430x_lc_rd_eabi.lib</file>
         <name>fixdi.c.obj</name>
      </input_file>
      <input_file id="fl-9b">
         <path>C:\ti\ccs1260\ccs\tools\compiler\ti-cgt-msp430_21.6.1.LTS\lib\</path>
         <kind>archive</kind>
         <file>rts430x_lc_rd_eabi.lib</file>
         <name>fixdli.c.obj</name>
      </input_file>
      <input_file id="fl-9c">
         <path>C:\ti\ccs1260\ccs\tools\compiler\ti-cgt-msp430_21.6.1.LTS\lib\</path>
         <kind>archive</kind>
         <file>rts430x_lc_rd_eabi.lib</file>
         <name>fltlid.c.obj</name>
      </input_file>
      <input_file id="fl-9d">
         <path>C:\ti\ccs1260\ccs\tools\compiler\ti-cgt-msp430_21.6.1.LTS\lib\</path>
         <kind>archive</kind>
         <file>rts430x_lc_rd_eabi.lib</file>
         <name>exit.c.obj</name>
      </input_file>
      <input_file id="fl-9e">
         <path>C:\ti\ccs1260\ccs\tools\compiler\ti-cgt-msp430_21.6.1.LTS\lib\</path>
         <kind>archive</kind>
         <file>rts430x_lc_rd_eabi.lib</file>
         <name>exit_gvars.c.obj</name>
      </input_file>
      <input_file id="fl-9f">
         <path>C:\ti\ccs1260\ccs\tools\compiler\ti-cgt-msp430_21.6.1.LTS\lib\</path>
         <kind>archive</kind>
         <file>rts430x_lc_rd_eabi.lib</file>
         <name>_lock.c.obj</name>
      </input_file>
      <input_file id="fl-a0">
         <path>C:\ti\ccs1260\ccs\tools\compiler\ti-cgt-msp430_21.6.1.LTS\lib\</path>
         <kind>archive</kind>
         <file>rts430x_lc_rd_eabi.lib</file>
         <name>s_floor.c.obj</name>
      </input_file>
      <input_file id="fl-a1">
         <path>C:\ti\ccs1260\ccs\tools\compiler\ti-cgt-msp430_21.6.1.LTS\lib\</path>
         <kind>archive</kind>
         <file>rts430x_lc_rd_eabi.lib</file>
         <name>ti_fmax.c.obj</name>
      </input_file>
      <input_file id="fl-a2">
         <path>C:\ti\ccs1260\ccs\tools\compiler\ti-cgt-msp430_21.6.1.LTS\lib\</path>
         <kind>archive</kind>
         <file>rts430x_lc_rd_eabi.lib</file>
         <name>e_fmod.c.obj</name>
      </input_file>
      <input_file id="fl-a3">
         <path>C:\ti\ccs1260\ccs\tools\compiler\ti-cgt-msp430_21.6.1.LTS\lib\</path>
         <kind>archive</kind>
         <file>rts430x_lc_rd_eabi.lib</file>
         <name>memcpy.c.obj</name>
      </input_file>
      <input_file id="fl-a4">
         <path>C:\ti\ccs1260\ccs\tools\compiler\ti-cgt-msp430_21.6.1.LTS\lib\</path>
         <kind>archive</kind>
         <file>rts430x_lc_rd_eabi.lib</file>
         <name>s_scalbn.c.obj</name>
      </input_file>
      <input_file id="fl-a5">
         <path>C:\ti\ccs1260\ccs\tools\compiler\ti-cgt-msp430_21.6.1.LTS\lib\</path>
         <kind>archive</kind>
         <file>rts430x_lc_rd_eabi.lib</file>
         <name>s_copysign.c.obj</name>
      </input_file>
      <input_file id="fl-a6">
         <path>C:\ti\ccs1260\ccs\tools\compiler\ti-cgt-msp430_21.6.1.LTS\lib\</path>
         <kind>archive</kind>
         <file>rts430x_lc_rd_eabi.lib</file>
         <name>errno.c.obj</name>
      </input_file>
      <input_file id="fl-a7">
         <path>C:\ti\ccs1260\ccs\tools\compiler\ti-cgt-msp430_21.6.1.LTS\lib\</path>
         <kind>archive</kind>
         <file>rts430x_lc_rd_eabi.lib</file>
         <name>s_sin.c.obj</name>
      </input_file>
      <input_file id="fl-a8">
         <path>C:\ti\ccs1260\ccs\tools\compiler\ti-cgt-msp430_21.6.1.LTS\lib\</path>
         <kind>archive</kind>
         <file>rts430x_lc_rd_eabi.lib</file>
         <name>sprintf.c.obj</name>
      </input_file>
      <input_file id="fl-a9">
         <path>C:\ti\ccs1260\ccs\tools\compiler\ti-cgt-msp430_21.6.1.LTS\lib\</path>
         <kind>archive</kind>
         <file>rts430x_lc_rd_eabi.lib</file>
         <name>_printfi.c.obj</name>
      </input_file>
      <input_file id="fl-aa">
         <path>C:\ti\ccs1260\ccs\tools\compiler\ti-cgt-msp430_21.6.1.LTS\lib\</path>
         <kind>archive</kind>
         <file>rts430x_lc_rd_eabi.lib</file>
         <name>_ltoa.c.obj</name>
      </input_file>
      <input_file id="fl-ab">
         <path>C:\ti\ccs1260\ccs\tools\compiler\ti-cgt-msp430_21.6.1.LTS\lib\</path>
         <kind>archive</kind>
         <file>rts430x_lc_rd_eabi.lib</file>
         <name>div64u.c.obj</name>
      </input_file>
      <input_file id="fl-ac">
         <path>C:\ti\ccs1260\ccs\tools\compiler\ti-cgt-msp430_21.6.1.LTS\lib\</path>
         <kind>archive</kind>
         <file>rts430x_lc_rd_eabi.lib</file>
         <name>fltid.c.obj</name>
      </input_file>
      <input_file id="fl-ad">
         <path>C:\ti\ccs1260\ccs\tools\compiler\ti-cgt-msp430_21.6.1.LTS\lib\</path>
         <kind>archive</kind>
         <file>rts430x_lc_rd_eabi.lib</file>
         <name>abs.c.obj</name>
      </input_file>
      <input_file id="fl-ae">
         <path>C:\ti\ccs1260\ccs\tools\compiler\ti-cgt-msp430_21.6.1.LTS\lib\</path>
         <kind>archive</kind>
         <file>rts430x_lc_rd_eabi.lib</file>
         <name>atoi.c.obj</name>
      </input_file>
      <input_file id="fl-af">
         <path>C:\ti\ccs1260\ccs\tools\compiler\ti-cgt-msp430_21.6.1.LTS\lib\</path>
         <kind>archive</kind>
         <file>rts430x_lc_rd_eabi.lib</file>
         <name>ctype.c.obj</name>
      </input_file>
      <input_file id="fl-b0">
         <path>C:\ti\ccs1260\ccs\tools\compiler\ti-cgt-msp430_21.6.1.LTS\lib\</path>
         <kind>archive</kind>
         <file>rts430x_lc_rd_eabi.lib</file>
         <name>s_frexp.c.obj</name>
      </input_file>
      <input_file id="fl-b1">
         <path>C:\ti\ccs1260\ccs\tools\compiler\ti-cgt-msp430_21.6.1.LTS\lib\</path>
         <kind>archive</kind>
         <file>rts430x_lc_rd_eabi.lib</file>
         <name>memccpy.c.obj</name>
      </input_file>
      <input_file id="fl-b2">
         <path>C:\ti\ccs1260\ccs\tools\compiler\ti-cgt-msp430_21.6.1.LTS\lib\</path>
         <kind>archive</kind>
         <file>rts430x_lc_rd_eabi.lib</file>
         <name>memset.c.obj</name>
      </input_file>
      <input_file id="fl-b3">
         <path>C:\ti\ccs1260\ccs\tools\compiler\ti-cgt-msp430_21.6.1.LTS\lib\</path>
         <kind>archive</kind>
         <file>rts430x_lc_rd_eabi.lib</file>
         <name>e_sqrt.c.obj</name>
      </input_file>
      <input_file id="fl-b4">
         <path>C:\ti\ccs1260\ccs\tools\compiler\ti-cgt-msp430_21.6.1.LTS\lib\</path>
         <kind>archive</kind>
         <file>rts430x_lc_rd_eabi.lib</file>
         <name>strchr.c.obj</name>
      </input_file>
      <input_file id="fl-b5">
         <path>C:\ti\ccs1260\ccs\tools\compiler\ti-cgt-msp430_21.6.1.LTS\lib\</path>
         <kind>archive</kind>
         <file>rts430x_lc_rd_eabi.lib</file>
         <name>strlen.c.obj</name>
      </input_file>
      <input_file id="fl-b6">
         <path>C:\ti\ccs1260\ccs\tools\compiler\ti-cgt-msp430_21.6.1.LTS\lib\</path>
         <kind>archive</kind>
         <file>rts430x_lc_rd_eabi.lib</file>
         <name>toupper.c.obj</name>
      </input_file>
      <input_file id="fl-b7">
         <path>C:\ti\ccs1260\ccs\tools\compiler\ti-cgt-msp430_21.6.1.LTS\lib\</path>
         <kind>archive</kind>
         <file>rts430x_lc_rd_eabi.lib</file>
         <name>wcslen.c.obj</name>
      </input_file>
   </input_file_list>
   <object_component_list>
      <object_component id="oc-b47">
         <name>.cinit..data.load</name>
         <load_address>0x4a5c</load_address>
         <run_address>0x4a5c</run_address>
         <size>0xf</size>
      </object_component>
      <object_component id="oc-b44">
         <name>__TI_handler_table</name>
         <load_address>0x4a6c</load_address>
         <run_address>0x4a6c</run_address>
         <size>0xc</size>
      </object_component>
      <object_component id="oc-b46">
         <name>.cinit..bss.load</name>
         <load_address>0x4a78</load_address>
         <run_address>0x4a78</run_address>
         <size>0x6</size>
      </object_component>
      <object_component id="oc-b45">
         <name>__TI_cinit_table</name>
         <load_address>0x4a7e</load_address>
         <run_address>0x4a7e</run_address>
         <size>0x10</size>
      </object_component>
      <object_component id="oc-ad4">
         <name>.binit</name>
         <load_address>0x4400</load_address>
         <run_address>0x4400</run_address>
         <size>0x0</size>
      </object_component>
      <object_component id="oc-79d">
         <name>.const:.string:g_pucFontFixed6x8Data</name>
         <load_address>0x4428</load_address>
         <run_address>0x4428</run_address>
         <size>0x2f8</size>
         <input_file_ref idref="fl-11"/>
      </object_component>
      <object_component id="oc-a38">
         <name>.const:ipio2</name>
         <load_address>0x4720</load_address>
         <run_address>0x4720</run_address>
         <size>0x108</size>
         <input_file_ref idref="fl-98"/>
      </object_component>
      <object_component id="oc-6dc">
         <name>.const:g_sFontFixed6x8</name>
         <load_address>0x4828</load_address>
         <run_address>0x4828</run_address>
         <size>0xc8</size>
         <input_file_ref idref="fl-11"/>
      </object_component>
      <object_component id="oc-a7c">
         <name>.const:aT</name>
         <load_address>0x48f0</load_address>
         <run_address>0x48f0</run_address>
         <size>0x58</size>
         <input_file_ref idref="fl-94"/>
      </object_component>
      <object_component id="oc-a47">
         <name>.const:PIo2</name>
         <load_address>0x4948</load_address>
         <run_address>0x4948</run_address>
         <size>0x40</size>
         <input_file_ref idref="fl-98"/>
      </object_component>
      <object_component id="oc-6c7">
         <name>.const:g_sCrystalfontz128x128</name>
         <load_address>0x4988</load_address>
         <run_address>0x4988</run_address>
         <size>0x2c</size>
         <input_file_ref idref="fl-1d"/>
      </object_component>
      <object_component id="oc-a79">
         <name>.const:atanhi</name>
         <load_address>0x49b4</load_address>
         <run_address>0x49b4</run_address>
         <size>0x20</size>
         <input_file_ref idref="fl-94"/>
      </object_component>
      <object_component id="oc-a7f">
         <name>.const:atanlo</name>
         <load_address>0x49d4</load_address>
         <run_address>0x49d4</run_address>
         <size>0x20</size>
         <input_file_ref idref="fl-94"/>
      </object_component>
      <object_component id="oc-a18">
         <name>.const:Zero</name>
         <load_address>0x49f4</load_address>
         <run_address>0x49f4</run_address>
         <size>0x10</size>
         <input_file_ref idref="fl-a2"/>
      </object_component>
      <object_component id="oc-86a">
         <name>.const:$P$T0$1</name>
         <load_address>0x4a04</load_address>
         <run_address>0x4a04</run_address>
         <size>0xc</size>
         <input_file_ref idref="fl-3"/>
      </object_component>
      <object_component id="oc-86d">
         <name>.const:$P$T1$2</name>
         <load_address>0x4a10</load_address>
         <run_address>0x4a10</run_address>
         <size>0xc</size>
         <input_file_ref idref="fl-3"/>
      </object_component>
      <object_component id="oc-870">
         <name>.const:$P$T2$3</name>
         <load_address>0x4a1c</load_address>
         <run_address>0x4a1c</run_address>
         <size>0xc</size>
         <input_file_ref idref="fl-3"/>
      </object_component>
      <object_component id="oc-873">
         <name>.const:$P$T3$4</name>
         <load_address>0x4a28</load_address>
         <run_address>0x4a28</run_address>
         <size>0xc</size>
         <input_file_ref idref="fl-3"/>
      </object_component>
      <object_component id="oc-876">
         <name>.const:$P$T4$5</name>
         <load_address>0x4a34</load_address>
         <run_address>0x4a34</run_address>
         <size>0xc</size>
         <input_file_ref idref="fl-3"/>
      </object_component>
      <object_component id="oc-879">
         <name>.const:$P$T5$6</name>
         <load_address>0x4a40</load_address>
         <run_address>0x4a40</run_address>
         <size>0xc</size>
         <input_file_ref idref="fl-3"/>
      </object_component>
      <object_component id="oc-82c">
         <name>.const:$P$T0$1</name>
         <load_address>0x4a4c</load_address>
         <run_address>0x4a4c</run_address>
         <size>0x8</size>
         <input_file_ref idref="fl-1d"/>
      </object_component>
      <object_component id="oc-a2b">
         <name>.const:init_jk</name>
         <load_address>0x4a54</load_address>
         <run_address>0x4a54</run_address>
         <size>0x8</size>
         <input_file_ref idref="fl-98"/>
      </object_component>
      <object_component id="oc-658">
         <name>.text:_isr:_c_int00_noargs_mpu</name>
         <load_address>0x4400</load_address>
         <run_address>0x4400</run_address>
         <size>0x20</size>
         <input_file_ref idref="fl-8c"/>
      </object_component>
      <object_component id="oc-629">
         <name>.text:_isr:__TI_ISR_TRAP</name>
         <load_address>0x4420</load_address>
         <run_address>0x4420</run_address>
         <size>0x8</size>
         <input_file_ref idref="fl-48"/>
      </object_component>
      <object_component id="oc-99e">
         <name>.text:__kernel_rem_pio2</name>
         <load_address>0x10000</load_address>
         <run_address>0x10000</run_address>
         <size>0xdb8</size>
         <input_file_ref idref="fl-98"/>
      </object_component>
      <object_component id="oc-7c1">
         <name>.text:mainImage</name>
         <load_address>0x10db8</load_address>
         <run_address>0x10db8</run_address>
         <size>0x96a</size>
         <input_file_ref idref="fl-3"/>
      </object_component>
      <object_component id="oc-894">
         <name>.text:sin</name>
         <load_address>0x11722</load_address>
         <run_address>0x11722</run_address>
         <size>0x8d8</size>
         <input_file_ref idref="fl-a7"/>
      </object_component>
      <object_component id="oc-8ac">
         <name>.text:cos</name>
         <load_address>0x11ffa</load_address>
         <run_address>0x11ffa</run_address>
         <size>0x8d2</size>
         <input_file_ref idref="fl-96"/>
      </object_component>
      <object_component id="oc-7b0">
         <name>.text:__mspabi_addd</name>
         <load_address>0x128cc</load_address>
         <run_address>0x128cc</run_address>
         <size>0x72a</size>
         <input_file_ref idref="fl-65"/>
      </object_component>
      <object_component id="oc-96d">
         <name>.text:fmod</name>
         <load_address>0x12ff6</load_address>
         <run_address>0x12ff6</run_address>
         <size>0x588</size>
         <input_file_ref idref="fl-a2"/>
      </object_component>
      <object_component id="oc-8a0">
         <name>.text:triangles</name>
         <load_address>0x1357e</load_address>
         <run_address>0x1357e</run_address>
         <size>0x4f0</size>
         <input_file_ref idref="fl-3"/>
      </object_component>
      <object_component id="oc-a06">
         <name>.text:__TI_frcdivd</name>
         <load_address>0x13a6e</load_address>
         <run_address>0x13a6e</run_address>
         <size>0x468</size>
         <input_file_ref idref="fl-6c"/>
      </object_component>
      <object_component id="oc-9fe">
         <name>.text:atan</name>
         <load_address>0x13ed6</load_address>
         <run_address>0x13ed6</run_address>
         <size>0x43c</size>
         <input_file_ref idref="fl-94"/>
      </object_component>
      <object_component id="oc-8a6">
         <name>.text:movingLine</name>
         <load_address>0x14312</load_address>
         <run_address>0x14312</run_address>
         <size>0x3de</size>
         <input_file_ref idref="fl-3"/>
      </object_component>
      <object_component id="oc-88e">
         <name>.text:circle3</name>
         <load_address>0x146f0</load_address>
         <run_address>0x146f0</run_address>
         <size>0x348</size>
         <input_file_ref idref="fl-3"/>
      </object_component>
      <object_component id="oc-961">
         <name>.text:atan2</name>
         <load_address>0x14a38</load_address>
         <run_address>0x14a38</run_address>
         <size>0x30e</size>
         <input_file_ref idref="fl-92"/>
      </object_component>
      <object_component id="oc-9d5">
         <name>.text:sqrt</name>
         <load_address>0x14d46</load_address>
         <run_address>0x14d46</run_address>
         <size>0x2dc</size>
         <input_file_ref idref="fl-b3"/>
      </object_component>
      <object_component id="oc-986">
         <name>.text:__kernel_sin</name>
         <load_address>0x15022</load_address>
         <run_address>0x15022</run_address>
         <size>0x2a8</size>
         <input_file_ref idref="fl-99"/>
      </object_component>
      <object_component id="oc-89a">
         <name>.text:__mspabi_mpyd</name>
         <load_address>0x152ca</load_address>
         <run_address>0x152ca</run_address>
         <size>0x292</size>
         <input_file_ref idref="fl-75"/>
      </object_component>
      <object_component id="oc-8e1">
         <name>.text:bip2</name>
         <load_address>0x1555c</load_address>
         <run_address>0x1555c</run_address>
         <size>0x284</size>
         <input_file_ref idref="fl-3"/>
      </object_component>
      <object_component id="oc-9aa">
         <name>.text:__kernel_cos</name>
         <load_address>0x157e0</load_address>
         <run_address>0x157e0</run_address>
         <size>0x264</size>
         <input_file_ref idref="fl-97"/>
      </object_component>
      <object_component id="oc-967">
         <name>.text:__mspabi_divd</name>
         <load_address>0x15a44</load_address>
         <run_address>0x15a44</run_address>
         <size>0x21c</size>
         <input_file_ref idref="fl-6b"/>
      </object_component>
      <object_component id="oc-8b2">
         <name>.text:circle2</name>
         <load_address>0x15c60</load_address>
         <run_address>0x15c60</run_address>
         <size>0x212</size>
         <input_file_ref idref="fl-3"/>
      </object_component>
      <object_component id="oc-a41">
         <name>.text:floor</name>
         <load_address>0x15e72</load_address>
         <run_address>0x15e72</run_address>
         <size>0x1c4</size>
         <input_file_ref idref="fl-a0"/>
      </object_component>
      <object_component id="oc-888">
         <name>.text:circle</name>
         <load_address>0x16036</load_address>
         <run_address>0x16036</run_address>
         <size>0x1b6</size>
         <input_file_ref idref="fl-3"/>
      </object_component>
      <object_component id="oc-8c9">
         <name>.text:MOV</name>
         <load_address>0x161ec</load_address>
         <run_address>0x161ec</run_address>
         <size>0x176</size>
         <input_file_ref idref="fl-3"/>
      </object_component>
      <object_component id="oc-9b7">
         <name>.text:__TI_frcmpyd</name>
         <load_address>0x16362</load_address>
         <run_address>0x16362</run_address>
         <size>0x164</size>
         <input_file_ref idref="fl-76"/>
      </object_component>
      <object_component id="oc-a3b">
         <name>.text:scalbn</name>
         <load_address>0x164c6</load_address>
         <run_address>0x164c6</run_address>
         <size>0x15a</size>
         <input_file_ref idref="fl-a4"/>
      </object_component>
      <object_component id="oc-9ca">
         <name>.text:fmax</name>
         <load_address>0x16620</load_address>
         <run_address>0x16620</run_address>
         <size>0x14c</size>
         <input_file_ref idref="fl-a1"/>
      </object_component>
      <object_component id="oc-9f6">
         <name>.text:fmin</name>
         <load_address>0x1676c</load_address>
         <run_address>0x1676c</run_address>
         <size>0x132</size>
         <input_file_ref idref="fl-a1"/>
      </object_component>
      <object_component id="oc-94a">
         <name>.text</name>
         <load_address>0x1689e</load_address>
         <run_address>0x1689e</run_address>
         <size>0x132</size>
         <input_file_ref idref="fl-66"/>
      </object_component>
      <object_component id="oc-6b8">
         <name>.text:Crystalfontz128x128_Init</name>
         <load_address>0x169d0</load_address>
         <run_address>0x169d0</run_address>
         <size>0x112</size>
         <input_file_ref idref="fl-1d"/>
      </object_component>
      <object_component id="oc-767">
         <name>.text:Crystalfontz128x128_PixelDrawMultiple</name>
         <load_address>0x16ae2</load_address>
         <run_address>0x16ae2</run_address>
         <size>0xf6</size>
         <input_file_ref idref="fl-1d"/>
      </object_component>
      <object_component id="oc-998">
         <name>.text:__mspabi_cmpd</name>
         <load_address>0x16bd8</load_address>
         <run_address>0x16bd8</run_address>
         <size>0xd8</size>
         <input_file_ref idref="fl-67"/>
      </object_component>
      <object_component id="oc-955">
         <name>.text:smoothstep</name>
         <load_address>0x16cb0</load_address>
         <run_address>0x16cb0</run_address>
         <size>0xcc</size>
         <input_file_ref idref="fl-3"/>
      </object_component>
      <object_component id="oc-865">
         <name>.text</name>
         <load_address>0x16d7c</load_address>
         <run_address>0x16d7c</run_address>
         <size>0xb8</size>
         <input_file_ref idref="fl-77"/>
      </object_component>
      <object_component id="oc-87c">
         <name>.text:_cross</name>
         <load_address>0x16e34</load_address>
         <run_address>0x16e34</run_address>
         <size>0xb4</size>
         <input_file_ref idref="fl-3"/>
      </object_component>
      <object_component id="oc-7b6">
         <name>.text:__mspabi_cvtdf</name>
         <load_address>0x16ee8</load_address>
         <run_address>0x16ee8</run_address>
         <size>0xb2</size>
         <input_file_ref idref="fl-69"/>
      </object_component>
      <object_component id="oc-8db">
         <name>.text:bip1</name>
         <load_address>0x16f9a</load_address>
         <run_address>0x16f9a</run_address>
         <size>0xac</size>
         <input_file_ref idref="fl-3"/>
      </object_component>
      <object_component id="oc-68a">
         <name>.text:main</name>
         <load_address>0x17046</load_address>
         <run_address>0x17046</run_address>
         <size>0xaa</size>
         <input_file_ref idref="fl-3"/>
      </object_component>
      <object_component id="oc-6f1">
         <name>.text:run_shader1</name>
         <load_address>0x170f0</load_address>
         <run_address>0x170f0</run_address>
         <size>0xa6</size>
         <input_file_ref idref="fl-3"/>
      </object_component>
      <object_component id="oc-992">
         <name>.text:__mspabi_fltlid</name>
         <load_address>0x17196</load_address>
         <run_address>0x17196</run_address>
         <size>0x9e</size>
         <input_file_ref idref="fl-9c"/>
      </object_component>
      <object_component id="oc-6eb">
         <name>.text:Crystalfontz128x128_SetDrawFrame</name>
         <load_address>0x17234</load_address>
         <run_address>0x17234</run_address>
         <size>0x9a</size>
         <input_file_ref idref="fl-1d"/>
      </object_component>
      <object_component id="oc-95c">
         <name>.text</name>
         <load_address>0x172ce</load_address>
         <run_address>0x172ce</run_address>
         <size>0x90</size>
         <input_file_ref idref="fl-6d"/>
      </object_component>
      <object_component id="oc-979">
         <name>.text:mix</name>
         <load_address>0x1735e</load_address>
         <run_address>0x1735e</run_address>
         <size>0x78</size>
         <input_file_ref idref="fl-3"/>
      </object_component>
      <object_component id="oc-7a">
         <name>.text:decompress:lzss:__TI_decompress_lzss</name>
         <load_address>0x173d6</load_address>
         <run_address>0x173d6</run_address>
         <size>0x76</size>
         <input_file_ref idref="fl-45"/>
      </object_component>
      <object_component id="oc-8ed">
         <name>.text:vec3_add</name>
         <load_address>0x1744c</load_address>
         <run_address>0x1744c</run_address>
         <size>0x74</size>
         <input_file_ref idref="fl-3"/>
      </object_component>
      <object_component id="oc-8e7">
         <name>.text:vec3_scale2</name>
         <load_address>0x174c0</load_address>
         <run_address>0x174c0</run_address>
         <size>0x6c</size>
         <input_file_ref idref="fl-3"/>
      </object_component>
      <object_component id="oc-943">
         <name>.text</name>
         <load_address>0x1752c</load_address>
         <run_address>0x1752c</run_address>
         <size>0x68</size>
         <input_file_ref idref="fl-72"/>
      </object_component>
      <object_component id="oc-98c">
         <name>.text:__mspabi_fixdli</name>
         <load_address>0x17594</load_address>
         <run_address>0x17594</run_address>
         <size>0x66</size>
         <input_file_ref idref="fl-9b"/>
      </object_component>
      <object_component id="oc-7aa">
         <name>.text:__mspabi_cvtfd</name>
         <load_address>0x175fa</load_address>
         <run_address>0x175fa</run_address>
         <size>0x64</size>
         <input_file_ref idref="fl-6a"/>
      </object_component>
      <object_component id="oc-7c7">
         <name>.text:draw_pixel</name>
         <load_address>0x1765e</load_address>
         <run_address>0x1765e</run_address>
         <size>0x64</size>
         <input_file_ref idref="fl-3"/>
      </object_component>
      <object_component id="oc-779">
         <name>.text:Crystalfontz128x128_RectFill</name>
         <load_address>0x176c2</load_address>
         <run_address>0x176c2</run_address>
         <size>0x5c</size>
         <input_file_ref idref="fl-1d"/>
      </object_component>
      <object_component id="oc-a5b">
         <name>.text:__mpyll</name>
         <load_address>0x1771e</load_address>
         <run_address>0x1771e</run_address>
         <size>0x5c</size>
         <input_file_ref idref="fl-7d"/>
      </object_component>
      <object_component id="oc-71c">
         <name>.text:__TI_auto_init_nobinit_nopinit_hold_wdt:__TI_auto_init_nobinit_nopinit_hold_wdt</name>
         <load_address>0x1777a</load_address>
         <run_address>0x1777a</run_address>
         <size>0x54</size>
         <input_file_ref idref="fl-8f"/>
      </object_component>
      <object_component id="oc-8c4">
         <name>.text</name>
         <load_address>0x177ce</load_address>
         <run_address>0x177ce</run_address>
         <size>0x4a</size>
         <input_file_ref idref="fl-68"/>
      </object_component>
      <object_component id="oc-73e">
         <name>.text:HAL_LCD_SpiInit</name>
         <load_address>0x17818</load_address>
         <run_address>0x17818</run_address>
         <size>0x48</size>
         <input_file_ref idref="fl-1e"/>
      </object_component>
      <object_component id="oc-8d5">
         <name>.text:vec2_add</name>
         <load_address>0x17860</load_address>
         <run_address>0x17860</run_address>
         <size>0x48</size>
         <input_file_ref idref="fl-3"/>
      </object_component>
      <object_component id="oc-8b8">
         <name>.text:vec2_sub</name>
         <load_address>0x178a8</load_address>
         <run_address>0x178a8</run_address>
         <size>0x48</size>
         <input_file_ref idref="fl-3"/>
      </object_component>
      <object_component id="oc-882">
         <name>.text:vec3_scale</name>
         <load_address>0x178f0</load_address>
         <run_address>0x178f0</run_address>
         <size>0x48</size>
         <input_file_ref idref="fl-3"/>
      </object_component>
      <object_component id="oc-8f5">
         <name>.text</name>
         <load_address>0x17938</load_address>
         <run_address>0x17938</run_address>
         <size>0x46</size>
         <input_file_ref idref="fl-73"/>
      </object_component>
      <object_component id="oc-8be">
         <name>.text:vec2_length</name>
         <load_address>0x1797e</load_address>
         <run_address>0x1797e</run_address>
         <size>0x46</size>
         <input_file_ref idref="fl-3"/>
      </object_component>
      <object_component id="oc-77f">
         <name>.text:Crystalfontz128x128_ColorTranslate</name>
         <load_address>0x179c4</load_address>
         <run_address>0x179c4</run_address>
         <size>0x42</size>
         <input_file_ref idref="fl-1d"/>
      </object_component>
      <object_component id="oc-773">
         <name>.text:Crystalfontz128x128_LineDrawV</name>
         <load_address>0x17a06</load_address>
         <run_address>0x17a06</run_address>
         <size>0x42</size>
         <input_file_ref idref="fl-1d"/>
      </object_component>
      <object_component id="oc-76d">
         <name>.text:Crystalfontz128x128_LineDrawH</name>
         <load_address>0x17a48</load_address>
         <run_address>0x17a48</run_address>
         <size>0x40</size>
         <input_file_ref idref="fl-1d"/>
      </object_component>
      <object_component id="oc-84c">
         <name>.text:__mspabi_srall</name>
         <load_address>0x17a88</load_address>
         <run_address>0x17a88</run_address>
         <size>0x40</size>
         <input_file_ref idref="fl-87"/>
      </object_component>
      <object_component id="oc-8cf">
         <name>.text:vec2_scale</name>
         <load_address>0x17ac8</load_address>
         <run_address>0x17ac8</run_address>
         <size>0x40</size>
         <input_file_ref idref="fl-3"/>
      </object_component>
      <object_component id="oc-841">
         <name>.text:l_asr_const</name>
         <load_address>0x17b08</load_address>
         <run_address>0x17b08</run_address>
         <size>0x3e</size>
         <input_file_ref idref="fl-86"/>
      </object_component>
      <object_component id="oc-85a">
         <name>.text:l_lsl_const</name>
         <load_address>0x17b46</load_address>
         <run_address>0x17b46</run_address>
         <size>0x3e</size>
         <input_file_ref idref="fl-84"/>
      </object_component>
      <object_component id="oc-825">
         <name>.text:l_lsr_const</name>
         <load_address>0x17b84</load_address>
         <run_address>0x17b84</run_address>
         <size>0x3e</size>
         <input_file_ref idref="fl-89"/>
      </object_component>
      <object_component id="oc-6ca">
         <name>.text:Graphics_initContext</name>
         <load_address>0x17bc2</load_address>
         <run_address>0x17bc2</run_address>
         <size>0x3c</size>
         <input_file_ref idref="fl-15"/>
      </object_component>
      <object_component id="oc-6be">
         <name>.text:Crystalfontz128x128_SetOrientation</name>
         <load_address>0x17bfe</load_address>
         <run_address>0x17bfe</run_address>
         <size>0x3a</size>
         <input_file_ref idref="fl-1d"/>
      </object_component>
      <object_component id="oc-852">
         <name>.text:__mspabi_sllll</name>
         <load_address>0x17c38</load_address>
         <run_address>0x17c38</run_address>
         <size>0x3a</size>
         <input_file_ref idref="fl-85"/>
      </object_component>
      <object_component id="oc-a65">
         <name>.text:__mspabi_srlll</name>
         <load_address>0x17c72</load_address>
         <run_address>0x17c72</run_address>
         <size>0x3a</size>
         <input_file_ref idref="fl-8a"/>
      </object_component>
      <object_component id="oc-94f">
         <name>.text:__mspabi_subd</name>
         <load_address>0x17cac</load_address>
         <run_address>0x17cac</run_address>
         <size>0x32</size>
         <input_file_ref idref="fl-8b"/>
      </object_component>
      <object_component id="oc-78b">
         <name>.text:Crystalfontz128x128_ClearScreen</name>
         <load_address>0x17cde</load_address>
         <run_address>0x17cde</run_address>
         <size>0x30</size>
         <input_file_ref idref="fl-1d"/>
      </object_component>
      <object_component id="oc-761">
         <name>.text:Crystalfontz128x128_PixelDraw</name>
         <load_address>0x17d0e</load_address>
         <run_address>0x17d0e</run_address>
         <size>0x2e</size>
         <input_file_ref idref="fl-1d"/>
      </object_component>
      <object_component id="oc-9a4">
         <name>.text:__mspabi_negd</name>
         <load_address>0x17d3c</load_address>
         <run_address>0x17d3c</run_address>
         <size>0x2e</size>
         <input_file_ref idref="fl-93"/>
      </object_component>
      <object_component id="oc-a9f">
         <name>.text:copysign</name>
         <load_address>0x17d6a</load_address>
         <run_address>0x17d6a</run_address>
         <size>0x2e</size>
         <input_file_ref idref="fl-a5"/>
      </object_component>
      <object_component id="oc-69c">
         <name>.text:__mpu_init</name>
         <load_address>0x17d98</load_address>
         <run_address>0x17d98</run_address>
         <size>0x2c</size>
         <input_file_ref idref="fl-8d"/>
      </object_component>
      <object_component id="oc-a60">
         <name>.text:__mpyull</name>
         <load_address>0x17dc4</load_address>
         <run_address>0x17dc4</run_address>
         <size>0x2c</size>
         <input_file_ref idref="fl-7f"/>
      </object_component>
      <object_component id="oc-a2e">
         <name>.text</name>
         <load_address>0x17df0</load_address>
         <run_address>0x17df0</run_address>
         <size>0x2c</size>
         <input_file_ref idref="fl-6e"/>
      </object_component>
      <object_component id="oc-738">
         <name>.text:HAL_LCD_PortInit</name>
         <load_address>0x17e1c</load_address>
         <run_address>0x17e1c</run_address>
         <size>0x2a</size>
         <input_file_ref idref="fl-1e"/>
      </object_component>
      <object_component id="oc-980">
         <name>.text:__mspabi_fixdi</name>
         <load_address>0x17e46</load_address>
         <run_address>0x17e46</run_address>
         <size>0x28</size>
         <input_file_ref idref="fl-9a"/>
      </object_component>
      <object_component id="oc-62e">
         <name>.text:decompress:ZI:__TI_zero_init_nomemset:__TI_zero_init_nomemset</name>
         <load_address>0x17e6e</load_address>
         <run_address>0x17e6e</run_address>
         <size>0x24</size>
         <input_file_ref idref="fl-64"/>
      </object_component>
      <object_component id="oc-7bc">
         <name>.text</name>
         <load_address>0x17e92</load_address>
         <run_address>0x17e92</run_address>
         <size>0x24</size>
         <input_file_ref idref="fl-74"/>
      </object_component>
      <object_component id="oc-a33">
         <name>.text</name>
         <load_address>0x17eb6</load_address>
         <run_address>0x17eb6</run_address>
         <size>0x24</size>
         <input_file_ref idref="fl-7b"/>
      </object_component>
      <object_component id="oc-973">
         <name>.text:step</name>
         <load_address>0x17eda</load_address>
         <run_address>0x17eda</run_address>
         <size>0x24</size>
         <input_file_ref idref="fl-3"/>
      </object_component>
      <object_component id="oc-6b2">
         <name>.text:Initialize_Clock_System</name>
         <load_address>0x17efe</load_address>
         <run_address>0x17efe</run_address>
         <size>0x1c</size>
         <input_file_ref idref="fl-3"/>
      </object_component>
      <object_component id="oc-6d0">
         <name>.text:Graphics_setBackgroundColor</name>
         <load_address>0x17f1a</load_address>
         <run_address>0x17f1a</run_address>
         <size>0x18</size>
         <input_file_ref idref="fl-15"/>
      </object_component>
      <object_component id="oc-6d6">
         <name>.text:Graphics_setForegroundColor</name>
         <load_address>0x17f32</load_address>
         <run_address>0x17f32</run_address>
         <size>0x18</size>
         <input_file_ref idref="fl-15"/>
      </object_component>
      <object_component id="oc-81f">
         <name>.text</name>
         <load_address>0x17f4a</load_address>
         <run_address>0x17f4a</run_address>
         <size>0x18</size>
         <input_file_ref idref="fl-79"/>
      </object_component>
      <object_component id="oc-6e5">
         <name>.text:HAL_LCD_writeCommand</name>
         <load_address>0x17f62</load_address>
         <run_address>0x17f62</run_address>
         <size>0x16</size>
         <input_file_ref idref="fl-1e"/>
      </object_component>
      <object_component id="oc-a96">
         <name>.text</name>
         <load_address>0x17f78</load_address>
         <run_address>0x17f78</run_address>
         <size>0x16</size>
         <input_file_ref idref="fl-70"/>
      </object_component>
      <object_component id="oc-61c">
         <name>.text:memcpy</name>
         <load_address>0x17f8e</load_address>
         <run_address>0x17f8e</run_address>
         <size>0x14</size>
         <input_file_ref idref="fl-a3"/>
      </object_component>
      <object_component id="oc-80">
         <name>.text:decompress:none:__TI_decompress_none</name>
         <load_address>0x17fa2</load_address>
         <run_address>0x17fa2</run_address>
         <size>0x12</size>
         <input_file_ref idref="fl-46"/>
      </object_component>
      <object_component id="oc-a1b">
         <name>.text:l_asr</name>
         <load_address>0x17fb4</load_address>
         <run_address>0x17fb4</run_address>
         <size>0x10</size>
         <input_file_ref idref="fl-86"/>
      </object_component>
      <object_component id="oc-a0e">
         <name>.text:l_lsl</name>
         <load_address>0x17fc4</load_address>
         <run_address>0x17fc4</run_address>
         <size>0x10</size>
         <input_file_ref idref="fl-84"/>
      </object_component>
      <object_component id="oc-a13">
         <name>.text:l_lsr</name>
         <load_address>0x17fd4</load_address>
         <run_address>0x17fd4</run_address>
         <size>0x10</size>
         <input_file_ref idref="fl-89"/>
      </object_component>
      <object_component id="oc-744">
         <name>.text:HAL_LCD_writeData</name>
         <load_address>0x17fe4</load_address>
         <run_address>0x17fe4</run_address>
         <size>0xe</size>
         <input_file_ref idref="fl-1e"/>
      </object_component>
      <object_component id="oc-795">
         <name>.text:Graphics_translateColorOnDisplay</name>
         <load_address>0x17ff2</load_address>
         <run_address>0x17ff2</run_address>
         <size>0xc</size>
         <input_file_ref idref="fl-16"/>
      </object_component>
      <object_component id="oc-9c5">
         <name>.text</name>
         <load_address>0x17ffe</load_address>
         <run_address>0x17ffe</run_address>
         <size>0xa</size>
         <input_file_ref idref="fl-82"/>
      </object_component>
      <object_component id="oc-aa7">
         <name>.text</name>
         <load_address>0x18008</load_address>
         <run_address>0x18008</run_address>
         <size>0xa</size>
         <input_file_ref idref="fl-83"/>
      </object_component>
      <object_component id="oc-817">
         <name>.text</name>
         <load_address>0x18012</load_address>
         <run_address>0x18012</run_address>
         <size>0xa</size>
         <input_file_ref idref="fl-88"/>
      </object_component>
      <object_component id="oc-6df">
         <name>.text:Graphics_setFont</name>
         <load_address>0x1801c</load_address>
         <run_address>0x1801c</run_address>
         <size>0x6</size>
         <input_file_ref idref="fl-15"/>
      </object_component>
      <object_component id="oc-6f8">
         <name>.text:abort</name>
         <load_address>0x18022</load_address>
         <run_address>0x18022</run_address>
         <size>0x6</size>
         <input_file_ref idref="fl-9d"/>
      </object_component>
      <object_component id="oc-684">
         <name>.text:_system_pre_init</name>
         <load_address>0x18028</load_address>
         <run_address>0x18028</run_address>
         <size>0x4</size>
         <input_file_ref idref="fl-91"/>
      </object_component>
      <object_component id="oc-785">
         <name>.text:Crystalfontz128x128_Flush</name>
         <load_address>0x1802c</load_address>
         <run_address>0x1802c</run_address>
         <size>0x2</size>
         <input_file_ref idref="fl-1d"/>
      </object_component>
      <object_component id="oc-7e5">
         <name>.text:_system_post_cinit</name>
         <load_address>0x1802e</load_address>
         <run_address>0x1802e</run_address>
         <size>0x2</size>
         <input_file_ref idref="fl-90"/>
      </object_component>
      <object_component id="oc-6c4">
         <name>.bss:g_sContext</name>
         <uninitialized>true</uninitialized>
         <run_address>0x1c00</run_address>
         <size>0x1c</size>
         <input_file_ref idref="fl-3"/>
      </object_component>
      <object_component id="oc-753">
         <name>.common:Lcd_Orientation</name>
         <uninitialized>true</uninitialized>
         <run_address>0x1c24</run_address>
         <size>0x1</size>
      </object_component>
      <object_component id="oc-74a">
         <name>.common:Lcd_ScreenWidth</name>
         <uninitialized>true</uninitialized>
         <run_address>0x1c1e</run_address>
         <size>0x2</size>
      </object_component>
      <object_component id="oc-74d">
         <name>.common:Lcd_ScreenHeigth</name>
         <uninitialized>true</uninitialized>
         <run_address>0x1c1c</run_address>
         <size>0x2</size>
      </object_component>
      <object_component id="oc-74e">
         <name>.common:Lcd_PenSolid</name>
         <uninitialized>true</uninitialized>
         <run_address>0x1c25</run_address>
         <size>0x1</size>
      </object_component>
      <object_component id="oc-74f">
         <name>.common:Lcd_FontSolid</name>
         <uninitialized>true</uninitialized>
         <run_address>0x1c23</run_address>
         <size>0x1</size>
      </object_component>
      <object_component id="oc-750">
         <name>.common:Lcd_FlagRead</name>
         <uninitialized>true</uninitialized>
         <run_address>0x1c22</run_address>
         <size>0x1</size>
      </object_component>
      <object_component id="oc-751">
         <name>.common:Lcd_TouchTrim</name>
         <uninitialized>true</uninitialized>
         <run_address>0x1c20</run_address>
         <size>0x2</size>
      </object_component>
      <object_component id="oc-862">
         <name>.data:iResolution</name>
         <load_address>0x1c26</load_address>
         <run_address>0x1c26</run_address>
         <size>0x8</size>
         <input_file_ref idref="fl-3"/>
      </object_component>
      <object_component id="oc-7a7">
         <name>.data</name>
         <load_address>0x1c2e</load_address>
         <run_address>0x1c2e</run_address>
         <size>0x4</size>
         <input_file_ref idref="fl-3"/>
      </object_component>
      <object_component id="oc-a73">
         <name>.data</name>
         <load_address>0x1c32</load_address>
         <run_address>0x1c32</run_address>
         <size>0x2</size>
         <input_file_ref idref="fl-a6"/>
      </object_component>
      <object_component id="oc-60d">
         <name>.stack</name>
         <uninitialized>true</uninitialized>
         <run_address>0x2360</run_address>
         <size>0x4</size>
         <input_file_ref idref="fl-8c"/>
      </object_component>
      <object_component id="oc-b48">
         <name>.stack</name>
         <uninitialized>true</uninitialized>
         <run_address>0x2360</run_address>
         <size>0x0</size>
      </object_component>
      <object_component id="oc-86">
         <name>.int27</name>
         <load_address>0xffc6</load_address>
         <run_address>0xffc6</run_address>
         <size>0x2</size>
         <input_file_ref idref="fl-47"/>
      </object_component>
      <object_component id="oc-87">
         <name>.int28</name>
         <load_address>0xffc8</load_address>
         <run_address>0xffc8</run_address>
         <size>0x2</size>
         <input_file_ref idref="fl-49"/>
      </object_component>
      <object_component id="oc-88">
         <name>.int29</name>
         <load_address>0xffca</load_address>
         <run_address>0xffca</run_address>
         <size>0x2</size>
         <input_file_ref idref="fl-4a"/>
      </object_component>
      <object_component id="oc-89">
         <name>.int30</name>
         <load_address>0xffcc</load_address>
         <run_address>0xffcc</run_address>
         <size>0x2</size>
         <input_file_ref idref="fl-4b"/>
      </object_component>
      <object_component id="oc-8a">
         <name>.int31</name>
         <load_address>0xffce</load_address>
         <run_address>0xffce</run_address>
         <size>0x2</size>
         <input_file_ref idref="fl-4c"/>
      </object_component>
      <object_component id="oc-8b">
         <name>.int32</name>
         <load_address>0xffd0</load_address>
         <run_address>0xffd0</run_address>
         <size>0x2</size>
         <input_file_ref idref="fl-4d"/>
      </object_component>
      <object_component id="oc-8c">
         <name>.int33</name>
         <load_address>0xffd2</load_address>
         <run_address>0xffd2</run_address>
         <size>0x2</size>
         <input_file_ref idref="fl-4e"/>
      </object_component>
      <object_component id="oc-8d">
         <name>.int34</name>
         <load_address>0xffd4</load_address>
         <run_address>0xffd4</run_address>
         <size>0x2</size>
         <input_file_ref idref="fl-4f"/>
      </object_component>
      <object_component id="oc-8e">
         <name>.int35</name>
         <load_address>0xffd6</load_address>
         <run_address>0xffd6</run_address>
         <size>0x2</size>
         <input_file_ref idref="fl-50"/>
      </object_component>
      <object_component id="oc-8f">
         <name>.int36</name>
         <load_address>0xffd8</load_address>
         <run_address>0xffd8</run_address>
         <size>0x2</size>
         <input_file_ref idref="fl-51"/>
      </object_component>
      <object_component id="oc-90">
         <name>.int37</name>
         <load_address>0xffda</load_address>
         <run_address>0xffda</run_address>
         <size>0x2</size>
         <input_file_ref idref="fl-52"/>
      </object_component>
      <object_component id="oc-91">
         <name>.int38</name>
         <load_address>0xffdc</load_address>
         <run_address>0xffdc</run_address>
         <size>0x2</size>
         <input_file_ref idref="fl-53"/>
      </object_component>
      <object_component id="oc-92">
         <name>.int39</name>
         <load_address>0xffde</load_address>
         <run_address>0xffde</run_address>
         <size>0x2</size>
         <input_file_ref idref="fl-54"/>
      </object_component>
      <object_component id="oc-93">
         <name>.int40</name>
         <load_address>0xffe0</load_address>
         <run_address>0xffe0</run_address>
         <size>0x2</size>
         <input_file_ref idref="fl-55"/>
      </object_component>
      <object_component id="oc-94">
         <name>.int41</name>
         <load_address>0xffe2</load_address>
         <run_address>0xffe2</run_address>
         <size>0x2</size>
         <input_file_ref idref="fl-56"/>
      </object_component>
      <object_component id="oc-95">
         <name>.int42</name>
         <load_address>0xffe4</load_address>
         <run_address>0xffe4</run_address>
         <size>0x2</size>
         <input_file_ref idref="fl-57"/>
      </object_component>
      <object_component id="oc-96">
         <name>.int43</name>
         <load_address>0xffe6</load_address>
         <run_address>0xffe6</run_address>
         <size>0x2</size>
         <input_file_ref idref="fl-58"/>
      </object_component>
      <object_component id="oc-97">
         <name>.int44</name>
         <load_address>0xffe8</load_address>
         <run_address>0xffe8</run_address>
         <size>0x2</size>
         <input_file_ref idref="fl-59"/>
      </object_component>
      <object_component id="oc-98">
         <name>.int45</name>
         <load_address>0xffea</load_address>
         <run_address>0xffea</run_address>
         <size>0x2</size>
         <input_file_ref idref="fl-5a"/>
      </object_component>
      <object_component id="oc-99">
         <name>.int46</name>
         <load_address>0xffec</load_address>
         <run_address>0xffec</run_address>
         <size>0x2</size>
         <input_file_ref idref="fl-5b"/>
      </object_component>
      <object_component id="oc-9a">
         <name>.int47</name>
         <load_address>0xffee</load_address>
         <run_address>0xffee</run_address>
         <size>0x2</size>
         <input_file_ref idref="fl-5c"/>
      </object_component>
      <object_component id="oc-9b">
         <name>.int48</name>
         <load_address>0xfff0</load_address>
         <run_address>0xfff0</run_address>
         <size>0x2</size>
         <input_file_ref idref="fl-5d"/>
      </object_component>
      <object_component id="oc-9c">
         <name>.int49</name>
         <load_address>0xfff2</load_address>
         <run_address>0xfff2</run_address>
         <size>0x2</size>
         <input_file_ref idref="fl-5e"/>
      </object_component>
      <object_component id="oc-9d">
         <name>.int50</name>
         <load_address>0xfff4</load_address>
         <run_address>0xfff4</run_address>
         <size>0x2</size>
         <input_file_ref idref="fl-5f"/>
      </object_component>
      <object_component id="oc-9e">
         <name>.int51</name>
         <load_address>0xfff6</load_address>
         <run_address>0xfff6</run_address>
         <size>0x2</size>
         <input_file_ref idref="fl-60"/>
      </object_component>
      <object_component id="oc-9f">
         <name>.int52</name>
         <load_address>0xfff8</load_address>
         <run_address>0xfff8</run_address>
         <size>0x2</size>
         <input_file_ref idref="fl-61"/>
      </object_component>
      <object_component id="oc-a0">
         <name>.int53</name>
         <load_address>0xfffa</load_address>
         <run_address>0xfffa</run_address>
         <size>0x2</size>
         <input_file_ref idref="fl-62"/>
      </object_component>
      <object_component id="oc-a1">
         <name>.int54</name>
         <load_address>0xfffc</load_address>
         <run_address>0xfffc</run_address>
         <size>0x2</size>
         <input_file_ref idref="fl-63"/>
      </object_component>
      <object_component id="oc-610">
         <name>.reset</name>
         <load_address>0xfffe</load_address>
         <run_address>0xfffe</run_address>
         <size>0x2</size>
         <input_file_ref idref="fl-8c"/>
      </object_component>
      <object_component id="oc-815">
         <name>.debug_info</name>
         <load_address>0x0</load_address>
         <run_address>0x0</run_address>
         <size>0x248</size>
         <input_file_ref idref="fl-2"/>
      </object_component>
      <object_component id="oc-80b">
         <name>.debug_info</name>
         <load_address>0x248</load_address>
         <run_address>0x248</run_address>
         <size>0x26b</size>
         <input_file_ref idref="fl-2"/>
      </object_component>
      <object_component id="oc-75c">
         <name>.debug_info</name>
         <load_address>0x4b3</load_address>
         <run_address>0x4b3</run_address>
         <size>0x40a</size>
         <input_file_ref idref="fl-2"/>
      </object_component>
      <object_component id="oc-617">
         <name>.debug_info</name>
         <load_address>0x8bd</load_address>
         <run_address>0x8bd</run_address>
         <size>0x84</size>
         <input_file_ref idref="fl-2"/>
      </object_component>
      <object_component id="oc-810">
         <name>.debug_info</name>
         <load_address>0x941</load_address>
         <run_address>0x941</run_address>
         <size>0x282</size>
         <input_file_ref idref="fl-2"/>
      </object_component>
      <object_component id="oc-755">
         <name>.debug_info</name>
         <load_address>0xbc3</load_address>
         <run_address>0xbc3</run_address>
         <size>0xbb</size>
         <input_file_ref idref="fl-2"/>
      </object_component>
      <object_component id="oc-8f4">
         <name>.debug_info</name>
         <load_address>0xc7e</load_address>
         <run_address>0xc7e</run_address>
         <size>0x9c1</size>
         <input_file_ref idref="fl-3"/>
      </object_component>
      <object_component id="oc-6c5">
         <name>.debug_info</name>
[...]
         <value>0xfff6</value>
         <object_component_ref idref="oc-9e"/>
      </symbol>
      <symbol id="sm-8cc">
         <name>__TI_int52</name>
         <value>0xfff8</value>
         <object_component_ref idref="oc-9f"/>
      </symbol>
      <symbol id="sm-8cf">
         <name>__TI_int53</name>
         <value>0xfffa</value>
         <object_component_ref idref="oc-a0"/>
      </symbol>
      <symbol id="sm-8d2">
         <name>__TI_int54</name>
         <value>0xfffc</value>
         <object_component_ref idref="oc-a1"/>
      </symbol>
      <symbol id="sm-8e5">
         <name>__TI_zero_init_nomemset</name>
         <value>0x17e6e</value>
         <object_component_ref idref="oc-62e"/>
      </symbol>
      <symbol id="sm-91f">
         <name>__mspabi_addd</name>
         <value>0x128cc</value>
         <object_component_ref idref="oc-7b0"/>
      </symbol>
      <symbol id="sm-93a">
         <name>__mspabi_subf</name>
         <value>0x1689e</value>
         <object_component_ref idref="oc-94a"/>
      </symbol>
      <symbol id="sm-93b">
         <name>__mspabi_addf</name>
         <value>0x168a4</value>
         <object_component_ref idref="oc-94a"/>
      </symbol>
      <symbol id="sm-95a">
         <name>__mspabi_cmpd</name>
         <value>0x16bd8</value>
         <object_component_ref idref="oc-998"/>
      </symbol>
      <symbol id="sm-96a">
         <name>__mspabi_cmpf</name>
         <value>0x177ce</value>
         <object_component_ref idref="oc-8c4"/>
      </symbol>
      <symbol id="sm-984">
         <name>__mspabi_cvtdf</name>
         <value>0x16ee8</value>
         <object_component_ref idref="oc-7b6"/>
      </symbol>
      <symbol id="sm-992">
         <name>__mspabi_cvtfd</name>
         <value>0x175fa</value>
         <object_component_ref idref="oc-7aa"/>
      </symbol>
      <symbol id="sm-9b3">
         <name>__mspabi_divd</name>
         <value>0x15a44</value>
         <object_component_ref idref="oc-967"/>
      </symbol>
      <symbol id="sm-9ce">
         <name>__TI_frcdivd</name>
         <value>0x13a6e</value>
         <object_component_ref idref="oc-a06"/>
      </symbol>
      <symbol id="sm-9e0">
         <name>__mspabi_divf</name>
         <value>0x172ce</value>
         <object_component_ref idref="oc-95c"/>
      </symbol>
      <symbol id="sm-9ec">
         <name>__mspabi_remi</name>
         <value>0x17df0</value>
         <object_component_ref idref="oc-a2e"/>
      </symbol>
      <symbol id="sm-9ed">
         <name>__mspabi_divi</name>
         <value>0x17df0</value>
         <object_component_ref idref="oc-a2e"/>
      </symbol>
      <symbol id="sm-9f8">
         <name>__mspabi_remu</name>
         <value>0x17f78</value>
         <object_component_ref idref="oc-a96"/>
      </symbol>
      <symbol id="sm-9f9">
         <name>__mspabi_divu</name>
         <value>0x17f78</value>
         <object_component_ref idref="oc-a96"/>
      </symbol>
      <symbol id="sm-a0c">
         <name>__mspabi_fixfi</name>
         <value>0x1752c</value>
         <object_component_ref idref="oc-943"/>
      </symbol>
      <symbol id="sm-a1b">
         <name>__mspabi_fixfu</name>
         <value>0x17938</value>
         <object_component_ref idref="oc-8f5"/>
      </symbol>
      <symbol id="sm-a26">
         <name>__mspabi_fltuf</name>
         <value>0x17e92</value>
         <object_component_ref idref="oc-7bc"/>
      </symbol>
      <symbol id="sm-a4b">
         <name>__mspabi_mpyd</name>
         <value>0x152ca</value>
         <object_component_ref idref="oc-89a"/>
      </symbol>
      <symbol id="sm-a56">
         <name>__TI_frcmpyd</name>
         <value>0x16362</value>
         <object_component_ref idref="oc-9b7"/>
      </symbol>
      <symbol id="sm-a6d">
         <name>__mspabi_mpyf</name>
         <value>0x16d7c</value>
         <object_component_ref idref="oc-865"/>
      </symbol>
      <symbol id="sm-a76">
         <name>__mspabi_mpyi_f5hw</name>
         <value>0x17f4a</value>
         <object_component_ref idref="oc-81f"/>
      </symbol>
      <symbol id="sm-a7f">
         <name>__mspabi_mpyl_f5hw</name>
         <value>0x17eb6</value>
         <object_component_ref idref="oc-a33"/>
      </symbol>
      <symbol id="sm-a88">
         <name>__mspabi_mpyll_f5hw</name>
         <value>0x1771e</value>
         <object_component_ref idref="oc-a5b"/>
      </symbol>
      <symbol id="sm-a91">
         <name>__mspabi_mpyull_f5hw</name>
         <value>0x17dc4</value>
         <object_component_ref idref="oc-a60"/>
      </symbol>
      <symbol id="sm-a9c">
         <name>__mspabi_negf</name>
         <value>0x17ffe</value>
         <object_component_ref idref="oc-9c5"/>
      </symbol>
      <symbol id="sm-aa5">
         <name>__mspabi_slli</name>
         <value>0x18008</value>
         <object_component_ref idref="oc-aa7"/>
      </symbol>
      <symbol id="sm-ab5">
         <name>__mspabi_slll_9</name>
         <value>0x17b5e</value>
         <object_component_ref idref="oc-85a"/>
      </symbol>
      <symbol id="sm-ab6">
         <name>__mspabi_slll_8</name>
         <value>0x17b62</value>
         <object_component_ref idref="oc-85a"/>
      </symbol>
      <symbol id="sm-ab7">
         <name>__mspabi_slll_7</name>
         <value>0x17b66</value>
         <object_component_ref idref="oc-85a"/>
      </symbol>
      <symbol id="sm-ab8">
         <name>__mspabi_slll_6</name>
         <value>0x17b6a</value>
         <object_component_ref idref="oc-85a"/>
      </symbol>
      <symbol id="sm-ab9">
         <name>__mspabi_slll_5</name>
         <value>0x17b6e</value>
         <object_component_ref idref="oc-85a"/>
      </symbol>
      <symbol id="sm-aba">
         <name>__mspabi_slll_4</name>
         <value>0x17b72</value>
         <object_component_ref idref="oc-85a"/>
      </symbol>
      <symbol id="sm-abb">
         <name>__mspabi_slll_3</name>
         <value>0x17b76</value>
         <object_component_ref idref="oc-85a"/>
      </symbol>
      <symbol id="sm-abc">
         <name>__mspabi_slll_2</name>
         <value>0x17b7a</value>
         <object_component_ref idref="oc-85a"/>
      </symbol>
      <symbol id="sm-abd">
         <name>__mspabi_slll_1</name>
         <value>0x17b7e</value>
         <object_component_ref idref="oc-85a"/>
      </symbol>
      <symbol id="sm-abe">
         <name>__mspabi_slll</name>
         <value>0x17fc4</value>
         <object_component_ref idref="oc-a0e"/>
      </symbol>
      <symbol id="sm-abf">
         <name>__mspabi_slll_15</name>
         <value>0x17b46</value>
         <object_component_ref idref="oc-85a"/>
      </symbol>
      <symbol id="sm-ac0">
         <name>__mspabi_slll_14</name>
         <value>0x17b4a</value>
         <object_component_ref idref="oc-85a"/>
      </symbol>
      <symbol id="sm-ac1">
         <name>__mspabi_slll_13</name>
         <value>0x17b4e</value>
         <object_component_ref idref="oc-85a"/>
      </symbol>
      <symbol id="sm-ac2">
         <name>__mspabi_slll_12</name>
         <value>0x17b52</value>
         <object_component_ref idref="oc-85a"/>
      </symbol>
      <symbol id="sm-ac3">
         <name>__mspabi_slll_11</name>
         <value>0x17b56</value>
         <object_component_ref idref="oc-85a"/>
      </symbol>
      <symbol id="sm-ac4">
         <name>__mspabi_slll_10</name>
         <value>0x17b5a</value>
         <object_component_ref idref="oc-85a"/>
      </symbol>
      <symbol id="sm-ad1">
         <name>__mspabi_sllll</name>
         <value>0x17c38</value>
         <object_component_ref idref="oc-852"/>
      </symbol>
      <symbol id="sm-ae1">
         <name>__mspabi_sral</name>
         <value>0x17fb4</value>
         <object_component_ref idref="oc-a1b"/>
      </symbol>
      <symbol id="sm-ae2">
         <name>__mspabi_sral_15</name>
         <value>0x17b08</value>
         <object_component_ref idref="oc-841"/>
      </symbol>
      <symbol id="sm-ae3">
         <name>__mspabi_sral_14</name>
         <value>0x17b0c</value>
         <object_component_ref idref="oc-841"/>
      </symbol>
      <symbol id="sm-ae4">
         <name>__mspabi_sral_13</name>
         <value>0x17b10</value>
         <object_component_ref idref="oc-841"/>
      </symbol>
      <symbol id="sm-ae5">
         <name>__mspabi_sral_12</name>
         <value>0x17b14</value>
         <object_component_ref idref="oc-841"/>
      </symbol>
      <symbol id="sm-ae6">
         <name>__mspabi_sral_11</name>
         <value>0x17b18</value>
         <object_component_ref idref="oc-841"/>
      </symbol>
      <symbol id="sm-ae7">
         <name>__mspabi_sral_10</name>
         <value>0x17b1c</value>
         <object_component_ref idref="oc-841"/>
      </symbol>
      <symbol id="sm-ae8">
         <name>__mspabi_sral_8</name>
         <value>0x17b24</value>
         <object_component_ref idref="oc-841"/>
      </symbol>
      <symbol id="sm-ae9">
         <name>__mspabi_sral_9</name>
         <value>0x17b20</value>
         <object_component_ref idref="oc-841"/>
      </symbol>
      <symbol id="sm-aea">
         <name>__mspabi_sral_6</name>
         <value>0x17b2c</value>
         <object_component_ref idref="oc-841"/>
      </symbol>
      <symbol id="sm-aeb">
         <name>__mspabi_sral_7</name>
         <value>0x17b28</value>
         <object_component_ref idref="oc-841"/>
      </symbol>
      <symbol id="sm-aec">
         <name>__mspabi_sral_4</name>
         <value>0x17b34</value>
         <object_component_ref idref="oc-841"/>
      </symbol>
      <symbol id="sm-aed">
         <name>__mspabi_sral_5</name>
         <value>0x17b30</value>
         <object_component_ref idref="oc-841"/>
      </symbol>
      <symbol id="sm-aee">
         <name>__mspabi_sral_2</name>
         <value>0x17b3c</value>
         <object_component_ref idref="oc-841"/>
      </symbol>
      <symbol id="sm-aef">
         <name>__mspabi_sral_3</name>
         <value>0x17b38</value>
         <object_component_ref idref="oc-841"/>
      </symbol>
      <symbol id="sm-af0">
         <name>__mspabi_sral_1</name>
         <value>0x17b40</value>
         <object_component_ref idref="oc-841"/>
      </symbol>
      <symbol id="sm-afd">
         <name>__mspabi_srall</name>
         <value>0x17a88</value>
         <object_component_ref idref="oc-84c"/>
      </symbol>
      <symbol id="sm-b06">
         <name>__mspabi_srli</name>
         <value>0x18012</value>
         <object_component_ref idref="oc-817"/>
      </symbol>
      <symbol id="sm-b16">
         <name>__mspabi_srll_8</name>
         <value>0x17ba0</value>
         <object_component_ref idref="oc-825"/>
      </symbol>
      <symbol id="sm-b17">
         <name>__mspabi_srll_9</name>
         <value>0x17b9c</value>
         <object_component_ref idref="oc-825"/>
      </symbol>
      <symbol id="sm-b18">
         <name>__mspabi_srll_6</name>
         <value>0x17ba8</value>
         <object_component_ref idref="oc-825"/>
      </symbol>
      <symbol id="sm-b19">
         <name>__mspabi_srll_7</name>
         <value>0x17ba4</value>
         <object_component_ref idref="oc-825"/>
      </symbol>
      <symbol id="sm-b1a">
         <name>__mspabi_srll_4</name>
         <value>0x17bb0</value>
         <object_component_ref idref="oc-825"/>
      </symbol>
      <symbol id="sm-b1b">
         <name>__mspabi_srll_5</name>
         <value>0x17bac</value>
         <object_component_ref idref="oc-825"/>
      </symbol>
      <symbol id="sm-b1c">
         <name>__mspabi_srll_2</name>
         <value>0x17bb8</value>
         <object_component_ref idref="oc-825"/>
      </symbol>
      <symbol id="sm-b1d">
         <name>__mspabi_srll_3</name>
         <value>0x17bb4</value>
         <object_component_ref idref="oc-825"/>
      </symbol>
      <symbol id="sm-b1e">
         <name>__mspabi_srll_1</name>
         <value>0x17bbc</value>
         <object_component_ref idref="oc-825"/>
      </symbol>
      <symbol id="sm-b1f">
         <name>__mspabi_srll_15</name>
         <value>0x17b84</value>
         <object_component_ref idref="oc-825"/>
      </symbol>
      <symbol id="sm-b20">
         <name>__mspabi_srll_14</name>
         <value>0x17b88</value>
         <object_component_ref idref="oc-825"/>
      </symbol>
      <symbol id="sm-b21">
         <name>__mspabi_srll_13</name>
         <value>0x17b8c</value>
         <object_component_ref idref="oc-825"/>
      </symbol>
      <symbol id="sm-b22">
         <name>__mspabi_srll_12</name>
         <value>0x17b90</value>
         <object_component_ref idref="oc-825"/>
      </symbol>
      <symbol id="sm-b23">
         <name>__mspabi_srll_11</name>
         <value>0x17b94</value>
         <object_component_ref idref="oc-825"/>
      </symbol>
      <symbol id="sm-b24">
         <name>__mspabi_srll_10</name>
         <value>0x17b98</value>
         <object_component_ref idref="oc-825"/>
      </symbol>
      <symbol id="sm-b25">
         <name>__mspabi_srll</name>
         <value>0x17fd4</value>
         <object_component_ref idref="oc-a13"/>
      </symbol>
      <symbol id="sm-b32">
         <name>__mspabi_srlll</name>
         <value>0x17c72</value>
         <object_component_ref idref="oc-a65"/>
      </symbol>
      <symbol id="sm-b3b">
         <name>__mspabi_subd</name>
         <value>0x17cac</value>
         <object_component_ref idref="oc-94f"/>
      </symbol>
      <symbol id="sm-b4b">
         <name>_c_int00_noargs_mpu</name>
         <value>0x4400</value>
         <object_component_ref idref="oc-658"/>
      </symbol>
      <symbol id="sm-b4c">
         <name>_stack</name>
         <value>0x2360</value>
         <object_component_ref idref="oc-60d"/>
      </symbol>
      <symbol id="sm-b4d">
         <name>_reset_vector</name>
         <value>0xfffe</value>
         <object_component_ref idref="oc-610"/>
      </symbol>
      <symbol id="sm-b56">
         <name>__mpu_init</name>
         <value>0x17d98</value>
         <object_component_ref idref="oc-69c"/>
      </symbol>
      <symbol id="sm-b7a">
         <name>__TI_auto_init_nobinit_nopinit_hold_wdt</name>
         <value>0x1777a</value>
         <object_component_ref idref="oc-71c"/>
      </symbol>
      <symbol id="sm-b83">
         <name>_system_post_cinit</name>
         <value>0x1802e</value>
         <object_component_ref idref="oc-7e5"/>
      </symbol>
      <symbol id="sm-b8c">
         <name>_system_pre_init</name>
         <value>0x18028</value>
         <object_component_ref idref="oc-684"/>
      </symbol>
      <symbol id="sm-bcf">
         <name>atan2</name>
         <value>0x14a38</value>
         <object_component_ref idref="oc-961"/>
      </symbol>
      <symbol id="sm-bd0">
         <name>atan2l</name>
         <value>0x14a38</value>
         <object_component_ref idref="oc-961"/>
      </symbol>
      <symbol id="sm-bd9">
         <name>__mspabi_negd</name>
         <value>0x17d3c</value>
         <object_component_ref idref="oc-9a4"/>
      </symbol>
      <symbol id="sm-c1e">
         <name>atanl</name>
         <value>0x13ed6</value>
         <object_component_ref idref="oc-9fe"/>
      </symbol>
      <symbol id="sm-c1f">
         <name>atan</name>
         <value>0x13ed6</value>
         <object_component_ref idref="oc-9fe"/>
      </symbol>
      <symbol id="sm-c78">
         <name>cosl</name>
         <value>0x11ffa</value>
         <object_component_ref idref="oc-8ac"/>
      </symbol>
      <symbol id="sm-c79">
         <name>cos</name>
         <value>0x11ffa</value>
         <object_component_ref idref="oc-8ac"/>
      </symbol>
      <symbol id="sm-c8a">
         <name>__kernel_cos</name>
         <value>0x157e0</value>
         <object_component_ref idref="oc-9aa"/>
      </symbol>
      <symbol id="sm-d18">
         <name>__kernel_rem_pio2</name>
         <value>0x10000</value>
         <object_component_ref idref="oc-99e"/>
      </symbol>
      <symbol id="sm-d2b">
         <name>__kernel_sin</name>
         <value>0x15022</value>
         <object_component_ref idref="oc-986"/>
      </symbol>
      <symbol id="sm-d38">
         <name>__mspabi_fixdi</name>
         <value>0x17e46</value>
         <object_component_ref idref="oc-980"/>
      </symbol>
      <symbol id="sm-d47">
         <name>__mspabi_fixdli</name>
         <value>0x17594</value>
         <object_component_ref idref="oc-98c"/>
      </symbol>
      <symbol id="sm-d5f">
         <name>__mspabi_fltlid</name>
         <value>0x17196</value>
         <object_component_ref idref="oc-992"/>
      </symbol>
      <symbol id="sm-d69">
         <name>C$$EXIT</name>
         <value>0x18022</value>
         <object_component_ref idref="oc-6f8"/>
      </symbol>
      <symbol id="sm-d6a">
         <name>abort</name>
         <value>0x18022</value>
         <object_component_ref idref="oc-6f8"/>
      </symbol>
      <symbol id="sm-d8c">
         <name>floorl</name>
         <value>0x15e72</value>
         <object_component_ref idref="oc-a41"/>
      </symbol>
      <symbol id="sm-d8d">
         <name>floor</name>
         <value>0x15e72</value>
         <object_component_ref idref="oc-a41"/>
      </symbol>
      <symbol id="sm-dae">
         <name>fmin</name>
         <value>0x1676c</value>
         <object_component_ref idref="oc-9f6"/>
      </symbol>
      <symbol id="sm-daf">
         <name>fmax</name>
         <value>0x16620</value>
         <object_component_ref idref="oc-9ca"/>
      </symbol>
      <symbol id="sm-db0">
         <name>fmaxl</name>
         <value>0x16620</value>
         <object_component_ref idref="oc-9ca"/>
      </symbol>
      <symbol id="sm-db1">
         <name>fminl</name>
         <value>0x1676c</value>
         <object_component_ref idref="oc-9f6"/>
      </symbol>
      <symbol id="sm-df9">
         <name>fmod</name>
         <value>0x12ff6</value>
         <object_component_ref idref="oc-96d"/>
      </symbol>
      <symbol id="sm-dfa">
         <name>fmodl</name>
         <value>0x12ff6</value>
         <object_component_ref idref="oc-96d"/>
      </symbol>
      <symbol id="sm-e08">
         <name>memcpy</name>
         <value>0x17f8e</value>
         <object_component_ref idref="oc-61c"/>
      </symbol>
      <symbol id="sm-e21">
         <name>scalbn</name>
         <value>0x164c6</value>
         <object_component_ref idref="oc-a3b"/>
      </symbol>
      <symbol id="sm-e22">
         <name>scalbnl</name>
         <value>0x164c6</value>
         <object_component_ref idref="oc-a3b"/>
      </symbol>
      <symbol id="sm-e23">
         <name>ldexpl</name>
         <value>0x164c6</value>
         <object_component_ref idref="oc-a3b"/>
      </symbol>
      <symbol id="sm-e24">
         <name>ldexp</name>
         <value>0x164c6</value>
         <object_component_ref idref="oc-a3b"/>
      </symbol>
      <symbol id="sm-e2d">
         <name>copysign</name>
         <value>0x17d6a</value>
         <object_component_ref idref="oc-a9f"/>
      </symbol>
      <symbol id="sm-e2e">
         <name>copysignl</name>
         <value>0x17d6a</value>
         <object_component_ref idref="oc-a9f"/>
      </symbol>
      <symbol id="sm-e35">
         <name>errno</name>
         <value>0x1c32</value>
         <object_component_ref idref="oc-a73"/>
      </symbol>
      <symbol id="sm-e88">
         <name>sin</name>
         <value>0x11722</value>
         <object_component_ref idref="oc-894"/>
      </symbol>
      <symbol id="sm-e89">
         <name>sinl</name>
         <value>0x11722</value>
         <object_component_ref idref="oc-894"/>
      </symbol>
      <symbol id="sm-ebf">
         <name>sqrtl</name>
         <value>0x14d46</value>
         <object_component_ref idref="oc-9d5"/>
      </symbol>
      <symbol id="sm-ec0">
         <name>sqrt</name>
         <value>0x14d46</value>
         <object_component_ref idref="oc-9d5"/>
      </symbol>
   </symbol_table>
   <title>Link successful</title>
</link_info>
